// Jest Snapshot v1, https://goo.gl/fbAQLP

exports[`index formats loads small bigwig header 1`] = `
Object {
  "asOffset": 0,
  "chromTreeOffset": 344,
  "definedFieldCount": 0,
  "fieldCount": 0,
  "magic": -2003829722,
  "numZoomLevels": 7,
  "totalSummaryOffset": 304,
  "uncompressBufSize": 0,
  "unzoomedDataOffset": 392,
  "unzoomedIndexOffset": 142735,
  "version": 4,
  "zoomLevels": Array [
    Object {
      "zlData": 40,
      "zlIndex": 149323,
      "zlReduction": 0,
    },
    Object {
      "zlData": 160,
      "zlIndex": 170704,
      "zlReduction": 164492,
    },
    Object {
      "zlData": 640,
      "zlIndex": 181027,
      "zlReduction": 174823,
    },
    Object {
      "zlData": 2560,
      "zlIndex": 188360,
      "zlReduction": 182156,
    },
    Object {
      "zlData": 10240,
      "zlIndex": 194915,
      "zlReduction": 188711,
    },
    Object {
      "zlData": 40960,
      "zlIndex": 201235,
      "zlReduction": 195031,
    },
    Object {
      "zlData": 163840,
      "zlIndex": 207501,
      "zlReduction": 201297,
    },
  ],
}
`;
