// Jest Snapshot v1, https://goo.gl/fbAQLP

exports[`index formats loads small bigbed header 1`] = `
Object {
  "asOffset": 304,
  "autoSql": "table hg18KGchr7
\\"UCSC Genes for chr7 with color plus GeneSymbol and SwissProtID\\"
(
string  chrom;		\\"Reference sequence chromosome or scaffold\\"
uint    chromStart;	\\"Start position of feature on chromosome\\"
uint    chromEnd;	\\"End position of feature on chromosome\\"
string  name;		\\"Name of gene\\"
uint    score;		\\"Score\\"
char[1] strand;		\\"+ or - for strand\\"
uint    thickStart;	\\"Coding region start\\"
uint    thickEnd;	\\"Coding region end\\"
uint  	reserved;	\\"Green on + strand, Red on - strand\\"
string  geneSymbol;	\\"Gene Symbol\\"
string  spID;		\\"SWISS-PROT protein Accession number\\"
)
",
  "chromTreeOffset": 1027,
  "definedFieldCount": 9,
  "extHeaderOffset": 923,
  "fieldCount": 11,
  "fileType": "bigbed",
  "isBigEndian": false,
  "magic": -2021002517,
  "numZoomLevels": 7,
  "refsByName": Object {
    "chr7": 0,
  },
  "refsByNumber": Object {
    "0": Object {
      "id": 0,
      "length": 158821424,
      "name": "chr7",
    },
  },
  "totalSummary": Object {
    "basesCovered": 76490855,
    "scoreMax": 36,
    "scoreMin": 1,
    "scoreSum": 220873875,
    "scoreSumSquares": 1041293115,
  },
  "totalSummaryOffset": 883,
  "uncompressBufSize": 34859,
  "unzoomedDataOffset": 1075,
  "unzoomedIndexOffset": 70408,
  "version": 4,
  "zoomLevels": Array [
    Object {
      "dataOffset": 76660,
      "indexOffset": 97731,
      "reductionLevel": 63500,
      "reserved": 0,
    },
    Object {
      "dataOffset": 103951,
      "indexOffset": 113070,
      "reductionLevel": 254000,
      "reserved": 0,
    },
    Object {
      "dataOffset": 119274,
      "indexOffset": 122263,
      "reductionLevel": 1016000,
      "reserved": 0,
    },
    Object {
      "dataOffset": 128467,
      "indexOffset": 129423,
      "reductionLevel": 4064000,
      "reserved": 0,
    },
    Object {
      "dataOffset": 135627,
      "indexOffset": 135906,
      "reductionLevel": 16256000,
      "reserved": 0,
    },
    Object {
      "dataOffset": 142110,
      "indexOffset": 142204,
      "reductionLevel": 65024000,
      "reserved": 0,
    },
    Object {
      "dataOffset": 148408,
      "indexOffset": 148452,
      "reductionLevel": 260096000,
      "reserved": 0,
    },
  ],
}
`;

exports[`index formats loads small bigwig header 1`] = `
Object {
  "asOffset": 0,
  "chromTreeOffset": 344,
  "definedFieldCount": 0,
  "extHeaderOffset": 0,
  "fieldCount": 0,
  "fileType": "bigwig",
  "isBigEndian": false,
  "magic": -2003829722,
  "numZoomLevels": 7,
  "refsByName": Object {
    "ctgA": 0,
  },
  "refsByNumber": Object {
    "0": Object {
      "id": 0,
      "length": 50001,
      "name": "ctgA",
    },
  },
  "totalSummary": Object {
    "basesCovered": 49984,
    "scoreMax": 38,
    "scoreMin": 1,
    "scoreSum": 959592,
    "scoreSumSquares": 19461382,
  },
  "totalSummaryOffset": 304,
  "uncompressBufSize": 32768,
  "unzoomedDataOffset": 392,
  "unzoomedIndexOffset": 142735,
  "version": 4,
  "zoomLevels": Array [
    Object {
      "dataOffset": 149323,
      "indexOffset": 164492,
      "reductionLevel": 40,
      "reserved": 0,
    },
    Object {
      "dataOffset": 170704,
      "indexOffset": 174823,
      "reductionLevel": 160,
      "reserved": 0,
    },
    Object {
      "dataOffset": 181027,
      "indexOffset": 182156,
      "reductionLevel": 640,
      "reserved": 0,
    },
    Object {
      "dataOffset": 188360,
      "indexOffset": 188711,
      "reductionLevel": 2560,
      "reserved": 0,
    },
    Object {
      "dataOffset": 194915,
      "indexOffset": 195031,
      "reductionLevel": 10240,
      "reserved": 0,
    },
    Object {
      "dataOffset": 201235,
      "indexOffset": 201297,
      "reductionLevel": 40960,
      "reserved": 0,
    },
    Object {
      "dataOffset": 207501,
      "indexOffset": 207542,
      "reductionLevel": 163840,
      "reserved": 0,
    },
  ],
}
`;

exports[`index formats uses filehandle argument 1`] = `
Object {
  "asOffset": 304,
  "autoSql": "table hg18KGchr7
\\"UCSC Genes for chr7 with color plus GeneSymbol and SwissProtID\\"
(
string  chrom;		\\"Reference sequence chromosome or scaffold\\"
uint    chromStart;	\\"Start position of feature on chromosome\\"
uint    chromEnd;	\\"End position of feature on chromosome\\"
string  name;		\\"Name of gene\\"
uint    score;		\\"Score\\"
char[1] strand;		\\"+ or - for strand\\"
uint    thickStart;	\\"Coding region start\\"
uint    thickEnd;	\\"Coding region end\\"
uint  	reserved;	\\"Green on + strand, Red on - strand\\"
string  geneSymbol;	\\"Gene Symbol\\"
string  spID;		\\"SWISS-PROT protein Accession number\\"
)
",
  "chromTreeOffset": 1027,
  "definedFieldCount": 9,
  "extHeaderOffset": 923,
  "fieldCount": 11,
  "fileType": "bigbed",
  "isBigEndian": false,
  "magic": -2021002517,
  "numZoomLevels": 7,
  "refsByName": Object {
    "chr7": 0,
  },
  "refsByNumber": Object {
    "0": Object {
      "id": 0,
      "length": 158821424,
      "name": "chr7",
    },
  },
  "totalSummary": Object {
    "basesCovered": 76490855,
    "scoreMax": 36,
    "scoreMin": 1,
    "scoreSum": 220873875,
    "scoreSumSquares": 1041293115,
  },
  "totalSummaryOffset": 883,
  "uncompressBufSize": 34859,
  "unzoomedDataOffset": 1075,
  "unzoomedIndexOffset": 70408,
  "version": 4,
  "zoomLevels": Array [
    Object {
      "dataOffset": 76660,
      "indexOffset": 97731,
      "reductionLevel": 63500,
      "reserved": 0,
    },
    Object {
      "dataOffset": 103951,
      "indexOffset": 113070,
      "reductionLevel": 254000,
      "reserved": 0,
    },
    Object {
      "dataOffset": 119274,
      "indexOffset": 122263,
      "reductionLevel": 1016000,
      "reserved": 0,
    },
    Object {
      "dataOffset": 128467,
      "indexOffset": 129423,
      "reductionLevel": 4064000,
      "reserved": 0,
    },
    Object {
      "dataOffset": 135627,
      "indexOffset": 135906,
      "reductionLevel": 16256000,
      "reserved": 0,
    },
    Object {
      "dataOffset": 142110,
      "indexOffset": 142204,
      "reductionLevel": 65024000,
      "reserved": 0,
    },
    Object {
      "dataOffset": 148408,
      "indexOffset": 148452,
      "reductionLevel": 260096000,
      "reserved": 0,
    },
  ],
}
`;
