// Jest Snapshot v1, https://goo.gl/fbAQLP

exports[`bigbed formats loads small bigbed file 1`] = `
Array [
  Object {
    "end": 73584,
    "name": "uc003sii.2",
    "refID": "chr7",
    "reserved": "255,0,0",
    "score": 0,
    "sp_id": "AL137655",
    "start": 54028,
    "strand": -1,
    "thick_end": 54028,
    "thick_start": 54028,
  },
  Object {
    "end": 61569,
    "name": "uc010krx.1",
    "refID": "chr7",
    "reserved": "255,0,0",
    "score": 0,
    "sp_id": "PDGFA",
    "start": 60328,
    "strand": -1,
    "thick_end": 60328,
    "thick_start": 60328,
  },
  Object {
    "end": 63529,
    "name": "uc003sij.2",
    "refID": "chr7",
    "reserved": "255,0,0",
    "score": 0,
    "sp_id": "DQ576410",
    "start": 62967,
    "strand": -1,
    "thick_end": 63366,
    "thick_start": 62967,
  },
  Object {
    "end": 64107,
    "name": "uc003sil.1",
    "refID": "chr7",
    "reserved": "255,0,0",
    "score": 0,
    "sp_id": "DQ584609",
    "start": 64068,
    "strand": -1,
    "thick_end": 64068,
    "thick_start": 64068,
  },
  Object {
    "end": 65220,
    "name": "uc003sim.1",
    "refID": "chr7",
    "reserved": "255,0,0",
    "score": 0,
    "sp_id": "DQ600587",
    "start": 65159,
    "strand": -1,
    "thick_end": 65159,
    "thick_start": 65159,
  },
]
`;
