// Jest Snapshot v1, https://goo.gl/fbAQLP

exports[`bigbed formats loads small bigbed file 1`] = `
Array [
  Object {
    "chrom": "uc003sii.2",
    "chrom_end": "-",
    "chrom_start": 0,
    "end": 73584,
    "name": "54028",
    "refID": "chr7",
    "score": 54028,
    "start": 54028,
    "strand": 0,
    "thick_end": "AL137655",
  },
  Object {
    "chrom": "uc010krx.1",
    "chrom_end": "-",
    "chrom_start": 0,
    "end": 61569,
    "name": "60328",
    "refID": "chr7",
    "score": 60328,
    "start": 60328,
    "strand": 0,
    "thick_end": "PDGFA",
  },
  Object {
    "chrom": "uc003sij.2",
    "chrom_end": "-",
    "chrom_start": 0,
    "end": 63529,
    "name": "62967",
    "refID": "chr7",
    "score": 63366,
    "start": 62967,
    "strand": 0,
    "thick_end": "DQ576410",
  },
  Object {
    "chrom": "uc003sil.1",
    "chrom_end": "-",
    "chrom_start": 0,
    "end": 64107,
    "name": "64068",
    "refID": "chr7",
    "score": 64068,
    "start": 64068,
    "strand": 0,
    "thick_end": "DQ584609",
  },
  Object {
    "chrom": "uc003sim.1",
    "chrom_end": "-",
    "chrom_start": 0,
    "end": 65220,
    "name": "65159",
    "refID": "chr7",
    "score": 65159,
    "start": 65159,
    "strand": 0,
    "thick_end": "DQ600587",
  },
]
`;
