// Jest Snapshot v1, https://goo.gl/fbAQLP

exports[`bigwig formats loads small bigwig file 1`] = `
Array [
  Array [
    Object {
      "end": 3,
      "score": 1,
      "start": 2,
    },
    Object {
      "end": 4,
      "score": 1,
      "start": 3,
    },
    Object {
      "end": 5,
      "score": 1,
      "start": 4,
    },
    Object {
      "end": 6,
      "score": 1,
      "start": 5,
    },
    Object {
      "end": 7,
      "score": 1,
      "start": 6,
    },
    Object {
      "end": 8,
      "score": 2,
      "start": 7,
    },
    Object {
      "end": 9,
      "score": 2,
      "start": 8,
    },
    Object {
      "end": 10,
      "score": 2,
      "start": 9,
    },
    Object {
      "end": 11,
      "score": 2,
      "start": 10,
    },
    Object {
      "end": 12,
      "score": 2,
      "start": 11,
    },
    Object {
      "end": 13,
      "score": 2,
      "start": 12,
    },
    Object {
      "end": 14,
      "score": 2,
      "start": 13,
    },
    Object {
      "end": 15,
      "score": 2,
      "start": 14,
    },
    Object {
      "end": 16,
      "score": 3,
      "start": 15,
    },
    Object {
      "end": 17,
      "score": 4,
      "start": 16,
    },
    Object {
      "end": 18,
      "score": 5,
      "start": 17,
    },
    Object {
      "end": 19,
      "score": 5,
      "start": 18,
    },
    Object {
      "end": 20,
      "score": 5,
      "start": 19,
    },
    Object {
      "end": 21,
      "score": 5,
      "start": 20,
    },
    Object {
      "end": 22,
      "score": 5,
      "start": 21,
    },
    Object {
      "end": 23,
      "score": 5,
      "start": 22,
    },
    Object {
      "end": 24,
      "score": 5,
      "start": 23,
    },
    Object {
      "end": 25,
      "score": 5,
      "start": 24,
    },
    Object {
      "end": 26,
      "score": 5,
      "start": 25,
    },
    Object {
      "end": 27,
      "score": 5,
      "start": 26,
    },
    Object {
      "end": 28,
      "score": 5,
      "start": 27,
    },
    Object {
      "end": 29,
      "score": 5,
      "start": 28,
    },
    Object {
      "end": 30,
      "score": 5,
      "start": 29,
    },
    Object {
      "end": 31,
      "score": 5,
      "start": 30,
    },
    Object {
      "end": 32,
      "score": 5,
      "start": 31,
    },
    Object {
      "end": 33,
      "score": 5,
      "start": 32,
    },
    Object {
      "end": 34,
      "score": 5,
      "start": 33,
    },
    Object {
      "end": 35,
      "score": 5,
      "start": 34,
    },
    Object {
      "end": 36,
      "score": 5,
      "start": 35,
    },
    Object {
      "end": 37,
      "score": 5,
      "start": 36,
    },
    Object {
      "end": 38,
      "score": 5,
      "start": 37,
    },
    Object {
      "end": 39,
      "score": 5,
      "start": 38,
    },
    Object {
      "end": 40,
      "score": 5,
      "start": 39,
    },
    Object {
      "end": 41,
      "score": 5,
      "start": 40,
    },
    Object {
      "end": 42,
      "score": 5,
      "start": 41,
    },
    Object {
      "end": 43,
      "score": 6,
      "start": 42,
    },
    Object {
      "end": 44,
      "score": 7,
      "start": 43,
    },
    Object {
      "end": 45,
      "score": 7,
      "start": 44,
    },
    Object {
      "end": 46,
      "score": 7,
      "start": 45,
    },
    Object {
      "end": 47,
      "score": 7,
      "start": 46,
    },
    Object {
      "end": 48,
      "score": 8,
      "start": 47,
    },
    Object {
      "end": 49,
      "score": 8,
      "start": 48,
    },
    Object {
      "end": 50,
      "score": 8,
      "start": 49,
    },
    Object {
      "end": 51,
      "score": 8,
      "start": 50,
    },
    Object {
      "end": 52,
      "score": 8,
      "start": 51,
    },
    Object {
      "end": 53,
      "score": 8,
      "start": 52,
    },
    Object {
      "end": 54,
      "score": 8,
      "start": 53,
    },
    Object {
      "end": 55,
      "score": 8,
      "start": 54,
    },
    Object {
      "end": 56,
      "score": 9,
      "start": 55,
    },
    Object {
      "end": 57,
      "score": 9,
      "start": 56,
    },
    Object {
      "end": 58,
      "score": 9,
      "start": 57,
    },
    Object {
      "end": 59,
      "score": 9,
      "start": 58,
    },
    Object {
      "end": 60,
      "score": 9,
      "start": 59,
    },
    Object {
      "end": 61,
      "score": 9,
      "start": 60,
    },
    Object {
      "end": 62,
      "score": 9,
      "start": 61,
    },
    Object {
      "end": 63,
      "score": 9,
      "start": 62,
    },
    Object {
      "end": 64,
      "score": 9,
      "start": 63,
    },
    Object {
      "end": 65,
      "score": 9,
      "start": 64,
    },
    Object {
      "end": 66,
      "score": 10,
      "start": 65,
    },
    Object {
      "end": 67,
      "score": 10,
      "start": 66,
    },
    Object {
      "end": 68,
      "score": 10,
      "start": 67,
    },
    Object {
      "end": 69,
      "score": 10,
      "start": 68,
    },
    Object {
      "end": 70,
      "score": 10,
      "start": 69,
    },
    Object {
      "end": 71,
      "score": 10,
      "start": 70,
    },
    Object {
      "end": 72,
      "score": 10,
      "start": 71,
    },
    Object {
      "end": 73,
      "score": 10,
      "start": 72,
    },
    Object {
      "end": 74,
      "score": 10,
      "start": 73,
    },
    Object {
      "end": 75,
      "score": 10,
      "start": 74,
    },
    Object {
      "end": 76,
      "score": 10,
      "start": 75,
    },
    Object {
      "end": 77,
      "score": 11,
      "start": 76,
    },
    Object {
      "end": 78,
      "score": 11,
      "start": 77,
    },
    Object {
      "end": 79,
      "score": 11,
      "start": 78,
    },
    Object {
      "end": 80,
      "score": 11,
      "start": 79,
    },
    Object {
      "end": 81,
      "score": 11,
      "start": 80,
    },
    Object {
      "end": 82,
      "score": 11,
      "start": 81,
    },
    Object {
      "end": 83,
      "score": 11,
      "start": 82,
    },
    Object {
      "end": 84,
      "score": 11,
      "start": 83,
    },
    Object {
      "end": 85,
      "score": 11,
      "start": 84,
    },
    Object {
      "end": 86,
      "score": 11,
      "start": 85,
    },
    Object {
      "end": 87,
      "score": 11,
      "start": 86,
    },
    Object {
      "end": 88,
      "score": 11,
      "start": 87,
    },
    Object {
      "end": 89,
      "score": 11,
      "start": 88,
    },
    Object {
      "end": 90,
      "score": 11,
      "start": 89,
    },
    Object {
      "end": 91,
      "score": 12,
      "start": 90,
    },
    Object {
      "end": 92,
      "score": 12,
      "start": 91,
    },
    Object {
      "end": 93,
      "score": 12,
      "start": 92,
    },
    Object {
      "end": 94,
      "score": 12,
      "start": 93,
    },
    Object {
      "end": 95,
      "score": 13,
      "start": 94,
    },
    Object {
      "end": 96,
      "score": 13,
      "start": 95,
    },
    Object {
      "end": 97,
      "score": 13,
      "start": 96,
    },
    Object {
      "end": 98,
      "score": 13,
      "start": 97,
    },
    Object {
      "end": 99,
      "score": 13,
      "start": 98,
    },
    Object {
      "end": 100,
      "score": 13,
      "start": 99,
    },
    Object {
      "end": 101,
      "score": 13,
      "start": 100,
    },
    Object {
      "end": 102,
      "score": 13,
      "start": 101,
    },
    Object {
      "end": 103,
      "score": 12,
      "start": 102,
    },
    Object {
      "end": 104,
      "score": 12,
      "start": 103,
    },
    Object {
      "end": 105,
      "score": 12,
      "start": 104,
    },
    Object {
      "end": 106,
      "score": 12,
      "start": 105,
    },
    Object {
      "end": 107,
      "score": 12,
      "start": 106,
    },
    Object {
      "end": 108,
      "score": 11,
      "start": 107,
    },
    Object {
      "end": 109,
      "score": 11,
      "start": 108,
    },
    Object {
      "end": 110,
      "score": 12,
      "start": 109,
    },
    Object {
      "end": 111,
      "score": 12,
      "start": 110,
    },
    Object {
      "end": 112,
      "score": 12,
      "start": 111,
    },
    Object {
      "end": 113,
      "score": 12,
      "start": 112,
    },
    Object {
      "end": 114,
      "score": 12,
      "start": 113,
    },
    Object {
      "end": 115,
      "score": 12,
      "start": 114,
    },
    Object {
      "end": 116,
      "score": 11,
      "start": 115,
    },
    Object {
      "end": 117,
      "score": 10,
      "start": 116,
    },
    Object {
      "end": 118,
      "score": 9,
      "start": 117,
    },
    Object {
      "end": 119,
      "score": 9,
      "start": 118,
    },
    Object {
      "end": 120,
      "score": 9,
      "start": 119,
    },
    Object {
      "end": 121,
      "score": 9,
      "start": 120,
    },
    Object {
      "end": 122,
      "score": 9,
      "start": 121,
    },
    Object {
      "end": 123,
      "score": 9,
      "start": 122,
    },
    Object {
      "end": 124,
      "score": 10,
      "start": 123,
    },
    Object {
      "end": 125,
      "score": 10,
      "start": 124,
    },
    Object {
      "end": 126,
      "score": 11,
      "start": 125,
    },
    Object {
      "end": 127,
      "score": 11,
      "start": 126,
    },
    Object {
      "end": 128,
      "score": 11,
      "start": 127,
    },
    Object {
      "end": 129,
      "score": 11,
      "start": 128,
    },
    Object {
      "end": 130,
      "score": 11,
      "start": 129,
    },
    Object {
      "end": 131,
      "score": 11,
      "start": 130,
    },
    Object {
      "end": 132,
      "score": 11,
      "start": 131,
    },
    Object {
      "end": 133,
      "score": 12,
      "start": 132,
    },
    Object {
      "end": 134,
      "score": 12,
      "start": 133,
    },
    Object {
      "end": 135,
      "score": 12,
      "start": 134,
    },
    Object {
      "end": 136,
      "score": 12,
      "start": 135,
    },
    Object {
      "end": 137,
      "score": 12,
      "start": 136,
    },
    Object {
      "end": 138,
      "score": 12,
      "start": 137,
    },
    Object {
      "end": 139,
      "score": 12,
      "start": 138,
    },
    Object {
      "end": 140,
      "score": 12,
      "start": 139,
    },
    Object {
      "end": 141,
      "score": 13,
      "start": 140,
    },
    Object {
      "end": 142,
      "score": 13,
      "start": 141,
    },
    Object {
      "end": 143,
      "score": 12,
      "start": 142,
    },
    Object {
      "end": 144,
      "score": 11,
      "start": 143,
    },
    Object {
      "end": 145,
      "score": 11,
      "start": 144,
    },
    Object {
      "end": 146,
      "score": 11,
      "start": 145,
    },
    Object {
      "end": 147,
      "score": 11,
      "start": 146,
    },
    Object {
      "end": 148,
      "score": 11,
      "start": 147,
    },
    Object {
      "end": 149,
      "score": 11,
      "start": 148,
    },
    Object {
      "end": 150,
      "score": 12,
      "start": 149,
    },
    Object {
      "end": 151,
      "score": 12,
      "start": 150,
    },
    Object {
      "end": 152,
      "score": 12,
      "start": 151,
    },
    Object {
      "end": 153,
      "score": 13,
      "start": 152,
    },
    Object {
      "end": 154,
      "score": 13,
      "start": 153,
    },
    Object {
      "end": 155,
      "score": 13,
      "start": 154,
    },
    Object {
      "end": 156,
      "score": 12,
      "start": 155,
    },
    Object {
      "end": 157,
      "score": 12,
      "start": 156,
    },
    Object {
      "end": 158,
      "score": 12,
      "start": 157,
    },
    Object {
      "end": 159,
      "score": 12,
      "start": 158,
    },
    Object {
      "end": 160,
      "score": 12,
      "start": 159,
    },
    Object {
      "end": 161,
      "score": 12,
      "start": 160,
    },
    Object {
      "end": 162,
      "score": 12,
      "start": 161,
    },
    Object {
      "end": 163,
      "score": 12,
      "start": 162,
    },
    Object {
      "end": 164,
      "score": 12,
      "start": 163,
    },
    Object {
      "end": 165,
      "score": 12,
      "start": 164,
    },
    Object {
      "end": 166,
      "score": 11,
      "start": 165,
    },
    Object {
      "end": 167,
      "score": 11,
      "start": 166,
    },
    Object {
      "end": 168,
      "score": 11,
      "start": 167,
    },
    Object {
      "end": 169,
      "score": 11,
      "start": 168,
    },
    Object {
      "end": 170,
      "score": 11,
      "start": 169,
    },
    Object {
      "end": 171,
      "score": 11,
      "start": 170,
    },
    Object {
      "end": 172,
      "score": 11,
      "start": 171,
    },
    Object {
      "end": 173,
      "score": 11,
      "start": 172,
    },
    Object {
      "end": 174,
      "score": 11,
      "start": 173,
    },
    Object {
      "end": 175,
      "score": 11,
      "start": 174,
    },
    Object {
      "end": 176,
      "score": 11,
      "start": 175,
    },
    Object {
      "end": 177,
      "score": 10,
      "start": 176,
    },
    Object {
      "end": 178,
      "score": 10,
      "start": 177,
    },
    Object {
      "end": 179,
      "score": 10,
      "start": 178,
    },
    Object {
      "end": 180,
      "score": 10,
      "start": 179,
    },
    Object {
      "end": 181,
      "score": 10,
      "start": 180,
    },
    Object {
      "end": 182,
      "score": 10,
      "start": 181,
    },
    Object {
      "end": 183,
      "score": 10,
      "start": 182,
    },
    Object {
      "end": 184,
      "score": 10,
      "start": 183,
    },
    Object {
      "end": 185,
      "score": 10,
      "start": 184,
    },
    Object {
      "end": 186,
      "score": 10,
      "start": 185,
    },
    Object {
      "end": 187,
      "score": 11,
      "start": 186,
    },
    Object {
      "end": 188,
      "score": 11,
      "start": 187,
    },
    Object {
      "end": 189,
      "score": 11,
      "start": 188,
    },
    Object {
      "end": 190,
      "score": 11,
      "start": 189,
    },
    Object {
      "end": 191,
      "score": 10,
      "start": 190,
    },
    Object {
      "end": 192,
      "score": 10,
      "start": 191,
    },
    Object {
      "end": 193,
      "score": 10,
      "start": 192,
    },
    Object {
      "end": 194,
      "score": 10,
      "start": 193,
    },
    Object {
      "end": 195,
      "score": 9,
      "start": 194,
    },
    Object {
      "end": 196,
      "score": 9,
      "start": 195,
    },
    Object {
      "end": 197,
      "score": 9,
      "start": 196,
    },
    Object {
      "end": 198,
      "score": 9,
      "start": 197,
    },
    Object {
      "end": 199,
      "score": 9,
      "start": 198,
    },
    Object {
      "end": 200,
      "score": 9,
      "start": 199,
    },
    Object {
      "end": 201,
      "score": 9,
      "start": 200,
    },
    Object {
      "end": 202,
      "score": 9,
      "start": 201,
    },
    Object {
      "end": 203,
      "score": 9,
      "start": 202,
    },
    Object {
      "end": 204,
      "score": 9,
      "start": 203,
    },
    Object {
      "end": 205,
      "score": 9,
      "start": 204,
    },
    Object {
      "end": 206,
      "score": 9,
      "start": 205,
    },
    Object {
      "end": 207,
      "score": 9,
      "start": 206,
    },
    Object {
      "end": 208,
      "score": 9,
      "start": 207,
    },
    Object {
      "end": 209,
      "score": 9,
      "start": 208,
    },
    Object {
      "end": 210,
      "score": 8,
      "start": 209,
    },
    Object {
      "end": 211,
      "score": 8,
      "start": 210,
    },
    Object {
      "end": 212,
      "score": 8,
      "start": 211,
    },
    Object {
      "end": 213,
      "score": 8,
      "start": 212,
    },
    Object {
      "end": 214,
      "score": 8,
      "start": 213,
    },
    Object {
      "end": 215,
      "score": 8,
      "start": 214,
    },
    Object {
      "end": 216,
      "score": 8,
      "start": 215,
    },
    Object {
      "end": 217,
      "score": 8,
      "start": 216,
    },
    Object {
      "end": 218,
      "score": 8,
      "start": 217,
    },
    Object {
      "end": 219,
      "score": 8,
      "start": 218,
    },
    Object {
      "end": 220,
      "score": 8,
      "start": 219,
    },
    Object {
      "end": 221,
      "score": 8,
      "start": 220,
    },
    Object {
      "end": 222,
      "score": 8,
      "start": 221,
    },
    Object {
      "end": 223,
      "score": 8,
      "start": 222,
    },
    Object {
      "end": 224,
      "score": 7,
      "start": 223,
    },
    Object {
      "end": 225,
      "score": 7,
      "start": 224,
    },
    Object {
      "end": 226,
      "score": 6,
      "start": 225,
    },
    Object {
      "end": 227,
      "score": 6,
      "start": 226,
    },
    Object {
      "end": 228,
      "score": 6,
      "start": 227,
    },
    Object {
      "end": 229,
      "score": 6,
      "start": 228,
    },
    Object {
      "end": 230,
      "score": 6,
      "start": 229,
    },
    Object {
      "end": 231,
      "score": 6,
      "start": 230,
    },
    Object {
      "end": 232,
      "score": 6,
      "start": 231,
    },
    Object {
      "end": 233,
      "score": 5,
      "start": 232,
    },
    Object {
      "end": 234,
      "score": 5,
      "start": 233,
    },
    Object {
      "end": 235,
      "score": 5,
      "start": 234,
    },
    Object {
      "end": 236,
      "score": 5,
      "start": 235,
    },
    Object {
      "end": 237,
      "score": 5,
      "start": 236,
    },
    Object {
      "end": 238,
      "score": 6,
      "start": 237,
    },
    Object {
      "end": 239,
      "score": 6,
      "start": 238,
    },
    Object {
      "end": 240,
      "score": 6,
      "start": 239,
    },
    Object {
      "end": 241,
      "score": 5,
      "start": 240,
    },
    Object {
      "end": 242,
      "score": 5,
      "start": 241,
    },
    Object {
      "end": 243,
      "score": 5,
      "start": 242,
    },
    Object {
      "end": 244,
      "score": 5,
      "start": 243,
    },
    Object {
      "end": 245,
      "score": 5,
      "start": 244,
    },
    Object {
      "end": 246,
      "score": 5,
      "start": 245,
    },
    Object {
      "end": 247,
      "score": 5,
      "start": 246,
    },
    Object {
      "end": 248,
      "score": 4,
      "start": 247,
    },
    Object {
      "end": 249,
      "score": 4,
      "start": 248,
    },
    Object {
      "end": 250,
      "score": 3,
      "start": 249,
    },
    Object {
      "end": 251,
      "score": 3,
      "start": 250,
    },
    Object {
      "end": 252,
      "score": 3,
      "start": 251,
    },
    Object {
      "end": 253,
      "score": 2,
      "start": 252,
    },
    Object {
      "end": 254,
      "score": 2,
      "start": 253,
    },
    Object {
      "end": 255,
      "score": 2,
      "start": 254,
    },
    Object {
      "end": 256,
      "score": 2,
      "start": 255,
    },
    Object {
      "end": 257,
      "score": 2,
      "start": 256,
    },
    Object {
      "end": 258,
      "score": 2,
      "start": 257,
    },
    Object {
      "end": 259,
      "score": 3,
      "start": 258,
    },
    Object {
      "end": 260,
      "score": 3,
      "start": 259,
    },
    Object {
      "end": 261,
      "score": 3,
      "start": 260,
    },
    Object {
      "end": 262,
      "score": 3,
      "start": 261,
    },
    Object {
      "end": 263,
      "score": 3,
      "start": 262,
    },
    Object {
      "end": 264,
      "score": 3,
      "start": 263,
    },
    Object {
      "end": 265,
      "score": 3,
      "start": 264,
    },
    Object {
      "end": 266,
      "score": 3,
      "start": 265,
    },
    Object {
      "end": 267,
      "score": 3,
      "start": 266,
    },
    Object {
      "end": 268,
      "score": 3,
      "start": 267,
    },
    Object {
      "end": 269,
      "score": 3,
      "start": 268,
    },
    Object {
      "end": 270,
      "score": 3,
      "start": 269,
    },
    Object {
      "end": 271,
      "score": 3,
      "start": 270,
    },
    Object {
      "end": 272,
      "score": 3,
      "start": 271,
    },
    Object {
      "end": 273,
      "score": 3,
      "start": 272,
    },
    Object {
      "end": 274,
      "score": 3,
      "start": 273,
    },
    Object {
      "end": 275,
      "score": 3,
      "start": 274,
    },
    Object {
      "end": 276,
      "score": 3,
      "start": 275,
    },
    Object {
      "end": 277,
      "score": 3,
      "start": 276,
    },
    Object {
      "end": 278,
      "score": 3,
      "start": 277,
    },
    Object {
      "end": 279,
      "score": 3,
      "start": 278,
    },
    Object {
      "end": 280,
      "score": 3,
      "start": 279,
    },
    Object {
      "end": 281,
      "score": 3,
      "start": 280,
    },
    Object {
      "end": 282,
      "score": 3,
      "start": 281,
    },
    Object {
      "end": 283,
      "score": 3,
      "start": 282,
    },
    Object {
      "end": 284,
      "score": 3,
      "start": 283,
    },
    Object {
      "end": 285,
      "score": 3,
      "start": 284,
    },
    Object {
      "end": 286,
      "score": 3,
      "start": 285,
    },
    Object {
      "end": 287,
      "score": 2,
      "start": 286,
    },
    Object {
      "end": 288,
      "score": 2,
      "start": 287,
    },
    Object {
      "end": 289,
      "score": 2,
      "start": 288,
    },
    Object {
      "end": 290,
      "score": 2,
      "start": 289,
    },
    Object {
      "end": 291,
      "score": 2,
      "start": 290,
    },
    Object {
      "end": 292,
      "score": 3,
      "start": 291,
    },
    Object {
      "end": 293,
      "score": 3,
      "start": 292,
    },
    Object {
      "end": 294,
      "score": 3,
      "start": 293,
    },
    Object {
      "end": 295,
      "score": 3,
      "start": 294,
    },
    Object {
      "end": 296,
      "score": 3,
      "start": 295,
    },
    Object {
      "end": 297,
      "score": 3,
      "start": 296,
    },
    Object {
      "end": 298,
      "score": 3,
      "start": 297,
    },
    Object {
      "end": 299,
      "score": 3,
      "start": 298,
    },
    Object {
      "end": 300,
      "score": 3,
      "start": 299,
    },
    Object {
      "end": 301,
      "score": 3,
      "start": 300,
    },
    Object {
      "end": 302,
      "score": 4,
      "start": 301,
    },
    Object {
      "end": 303,
      "score": 5,
      "start": 302,
    },
    Object {
      "end": 304,
      "score": 5,
      "start": 303,
    },
    Object {
      "end": 305,
      "score": 5,
      "start": 304,
    },
    Object {
      "end": 306,
      "score": 5,
      "start": 305,
    },
    Object {
      "end": 307,
      "score": 5,
      "start": 306,
    },
    Object {
      "end": 308,
      "score": 5,
      "start": 307,
    },
    Object {
      "end": 309,
      "score": 5,
      "start": 308,
    },
    Object {
      "end": 310,
      "score": 5,
      "start": 309,
    },
    Object {
      "end": 311,
      "score": 5,
      "start": 310,
    },
    Object {
      "end": 312,
      "score": 6,
      "start": 311,
    },
    Object {
      "end": 313,
      "score": 6,
      "start": 312,
    },
    Object {
      "end": 314,
      "score": 6,
      "start": 313,
    },
    Object {
      "end": 315,
      "score": 6,
      "start": 314,
    },
    Object {
      "end": 316,
      "score": 6,
      "start": 315,
    },
    Object {
      "end": 317,
      "score": 6,
      "start": 316,
    },
    Object {
      "end": 318,
      "score": 6,
      "start": 317,
    },
    Object {
      "end": 319,
      "score": 6,
      "start": 318,
    },
    Object {
      "end": 320,
      "score": 6,
      "start": 319,
    },
    Object {
      "end": 321,
      "score": 6,
      "start": 320,
    },
    Object {
      "end": 322,
      "score": 7,
      "start": 321,
    },
    Object {
      "end": 323,
      "score": 7,
      "start": 322,
    },
    Object {
      "end": 324,
      "score": 7,
      "start": 323,
    },
    Object {
      "end": 325,
      "score": 7,
      "start": 324,
    },
    Object {
      "end": 326,
      "score": 8,
      "start": 325,
    },
    Object {
      "end": 327,
      "score": 8,
      "start": 326,
    },
    Object {
      "end": 328,
      "score": 9,
      "start": 327,
    },
    Object {
      "end": 329,
      "score": 9,
      "start": 328,
    },
    Object {
      "end": 330,
      "score": 9,
      "start": 329,
    },
    Object {
      "end": 331,
      "score": 9,
      "start": 330,
    },
    Object {
      "end": 332,
      "score": 9,
      "start": 331,
    },
    Object {
      "end": 333,
      "score": 9,
      "start": 332,
    },
    Object {
      "end": 334,
      "score": 9,
      "start": 333,
    },
    Object {
      "end": 335,
      "score": 9,
      "start": 334,
    },
    Object {
      "end": 336,
      "score": 9,
      "start": 335,
    },
    Object {
      "end": 337,
      "score": 9,
      "start": 336,
    },
    Object {
      "end": 338,
      "score": 8,
      "start": 337,
    },
    Object {
      "end": 339,
      "score": 9,
      "start": 338,
    },
    Object {
      "end": 340,
      "score": 9,
      "start": 339,
    },
    Object {
      "end": 341,
      "score": 9,
      "start": 340,
    },
    Object {
      "end": 342,
      "score": 9,
      "start": 341,
    },
    Object {
      "end": 343,
      "score": 9,
      "start": 342,
    },
    Object {
      "end": 344,
      "score": 9,
      "start": 343,
    },
    Object {
      "end": 345,
      "score": 9,
      "start": 344,
    },
    Object {
      "end": 346,
      "score": 9,
      "start": 345,
    },
    Object {
      "end": 347,
      "score": 9,
      "start": 346,
    },
    Object {
      "end": 348,
      "score": 9,
      "start": 347,
    },
    Object {
      "end": 349,
      "score": 9,
      "start": 348,
    },
    Object {
      "end": 350,
      "score": 9,
      "start": 349,
    },
    Object {
      "end": 351,
      "score": 9,
      "start": 350,
    },
    Object {
      "end": 352,
      "score": 9,
      "start": 351,
    },
    Object {
      "end": 353,
      "score": 9,
      "start": 352,
    },
    Object {
      "end": 354,
      "score": 9,
      "start": 353,
    },
    Object {
      "end": 355,
      "score": 10,
      "start": 354,
    },
    Object {
      "end": 356,
      "score": 10,
      "start": 355,
    },
    Object {
      "end": 357,
      "score": 10,
      "start": 356,
    },
    Object {
      "end": 358,
      "score": 10,
      "start": 357,
    },
    Object {
      "end": 359,
      "score": 9,
      "start": 358,
    },
    Object {
      "end": 360,
      "score": 9,
      "start": 359,
    },
    Object {
      "end": 361,
      "score": 9,
      "start": 360,
    },
    Object {
      "end": 362,
      "score": 9,
      "start": 361,
    },
    Object {
      "end": 363,
      "score": 9,
      "start": 362,
    },
    Object {
      "end": 364,
      "score": 9,
      "start": 363,
    },
    Object {
      "end": 365,
      "score": 9,
      "start": 364,
    },
    Object {
      "end": 366,
      "score": 9,
      "start": 365,
    },
    Object {
      "end": 367,
      "score": 9,
      "start": 366,
    },
    Object {
      "end": 368,
      "score": 9,
      "start": 367,
    },
    Object {
      "end": 369,
      "score": 9,
      "start": 368,
    },
    Object {
      "end": 370,
      "score": 9,
      "start": 369,
    },
    Object {
      "end": 371,
      "score": 9,
      "start": 370,
    },
    Object {
      "end": 372,
      "score": 9,
      "start": 371,
    },
    Object {
      "end": 373,
      "score": 9,
      "start": 372,
    },
    Object {
      "end": 374,
      "score": 9,
      "start": 373,
    },
    Object {
      "end": 375,
      "score": 9,
      "start": 374,
    },
    Object {
      "end": 376,
      "score": 9,
      "start": 375,
    },
    Object {
      "end": 377,
      "score": 9,
      "start": 376,
    },
    Object {
      "end": 378,
      "score": 9,
      "start": 377,
    },
    Object {
      "end": 379,
      "score": 9,
      "start": 378,
    },
    Object {
      "end": 380,
      "score": 9,
      "start": 379,
    },
    Object {
      "end": 381,
      "score": 9,
      "start": 380,
    },
    Object {
      "end": 382,
      "score": 9,
      "start": 381,
    },
    Object {
      "end": 383,
      "score": 9,
      "start": 382,
    },
    Object {
      "end": 384,
      "score": 9,
      "start": 383,
    },
    Object {
      "end": 385,
      "score": 9,
      "start": 384,
    },
    Object {
      "end": 386,
      "score": 9,
      "start": 385,
    },
    Object {
      "end": 387,
      "score": 9,
      "start": 386,
    },
    Object {
      "end": 388,
      "score": 9,
      "start": 387,
    },
    Object {
      "end": 389,
      "score": 9,
      "start": 388,
    },
    Object {
      "end": 390,
      "score": 9,
      "start": 389,
    },
    Object {
      "end": 391,
      "score": 10,
      "start": 390,
    },
    Object {
      "end": 392,
      "score": 9,
      "start": 391,
    },
    Object {
      "end": 393,
      "score": 9,
      "start": 392,
    },
    Object {
      "end": 394,
      "score": 9,
      "start": 393,
    },
    Object {
      "end": 395,
      "score": 9,
      "start": 394,
    },
    Object {
      "end": 396,
      "score": 9,
      "start": 395,
    },
    Object {
      "end": 397,
      "score": 9,
      "start": 396,
    },
    Object {
      "end": 398,
      "score": 9,
      "start": 397,
    },
    Object {
      "end": 399,
      "score": 9,
      "start": 398,
    },
    Object {
      "end": 400,
      "score": 10,
      "start": 399,
    },
    Object {
      "end": 401,
      "score": 10,
      "start": 400,
    },
    Object {
      "end": 402,
      "score": 9,
      "start": 401,
    },
    Object {
      "end": 403,
      "score": 8,
      "start": 402,
    },
    Object {
      "end": 404,
      "score": 8,
      "start": 403,
    },
    Object {
      "end": 405,
      "score": 8,
      "start": 404,
    },
    Object {
      "end": 406,
      "score": 8,
      "start": 405,
    },
    Object {
      "end": 407,
      "score": 8,
      "start": 406,
    },
    Object {
      "end": 408,
      "score": 8,
      "start": 407,
    },
    Object {
      "end": 409,
      "score": 8,
      "start": 408,
    },
    Object {
      "end": 410,
      "score": 8,
      "start": 409,
    },
    Object {
      "end": 411,
      "score": 8,
      "start": 410,
    },
    Object {
      "end": 412,
      "score": 7,
      "start": 411,
    },
    Object {
      "end": 413,
      "score": 7,
      "start": 412,
    },
    Object {
      "end": 414,
      "score": 9,
      "start": 413,
    },
    Object {
      "end": 415,
      "score": 9,
      "start": 414,
    },
    Object {
      "end": 416,
      "score": 9,
      "start": 415,
    },
    Object {
      "end": 417,
      "score": 9,
      "start": 416,
    },
    Object {
      "end": 418,
      "score": 9,
      "start": 417,
    },
    Object {
      "end": 419,
      "score": 9,
      "start": 418,
    },
    Object {
      "end": 420,
      "score": 9,
      "start": 419,
    },
    Object {
      "end": 421,
      "score": 9,
      "start": 420,
    },
    Object {
      "end": 422,
      "score": 8,
      "start": 421,
    },
    Object {
      "end": 423,
      "score": 9,
      "start": 422,
    },
    Object {
      "end": 424,
      "score": 9,
      "start": 423,
    },
    Object {
      "end": 425,
      "score": 9,
      "start": 424,
    },
    Object {
      "end": 426,
      "score": 8,
      "start": 425,
    },
    Object {
      "end": 427,
      "score": 8,
      "start": 426,
    },
    Object {
      "end": 428,
      "score": 7,
      "start": 427,
    },
    Object {
      "end": 429,
      "score": 7,
      "start": 428,
    },
    Object {
      "end": 430,
      "score": 7,
      "start": 429,
    },
    Object {
      "end": 431,
      "score": 7,
      "start": 430,
    },
    Object {
      "end": 432,
      "score": 8,
      "start": 431,
    },
    Object {
      "end": 433,
      "score": 9,
      "start": 432,
    },
    Object {
      "end": 434,
      "score": 9,
      "start": 433,
    },
    Object {
      "end": 435,
      "score": 9,
      "start": 434,
    },
    Object {
      "end": 436,
      "score": 9,
      "start": 435,
    },
    Object {
      "end": 437,
      "score": 9,
      "start": 436,
    },
    Object {
      "end": 438,
      "score": 9,
      "start": 437,
    },
    Object {
      "end": 439,
      "score": 8,
      "start": 438,
    },
    Object {
      "end": 440,
      "score": 8,
      "start": 439,
    },
    Object {
      "end": 441,
      "score": 8,
      "start": 440,
    },
    Object {
      "end": 442,
      "score": 8,
      "start": 441,
    },
    Object {
      "end": 443,
      "score": 8,
      "start": 442,
    },
    Object {
      "end": 444,
      "score": 8,
      "start": 443,
    },
    Object {
      "end": 445,
      "score": 8,
      "start": 444,
    },
    Object {
      "end": 446,
      "score": 8,
      "start": 445,
    },
    Object {
      "end": 447,
      "score": 8,
      "start": 446,
    },
    Object {
      "end": 448,
      "score": 8,
      "start": 447,
    },
    Object {
      "end": 449,
      "score": 8,
      "start": 448,
    },
    Object {
      "end": 450,
      "score": 8,
      "start": 449,
    },
    Object {
      "end": 451,
      "score": 8,
      "start": 450,
    },
    Object {
      "end": 452,
      "score": 8,
      "start": 451,
    },
    Object {
      "end": 453,
      "score": 8,
      "start": 452,
    },
    Object {
      "end": 454,
      "score": 9,
      "start": 453,
    },
    Object {
      "end": 455,
      "score": 8,
      "start": 454,
    },
    Object {
      "end": 456,
      "score": 8,
      "start": 455,
    },
    Object {
      "end": 457,
      "score": 8,
      "start": 456,
    },
    Object {
      "end": 458,
      "score": 8,
      "start": 457,
    },
    Object {
      "end": 459,
      "score": 8,
      "start": 458,
    },
    Object {
      "end": 460,
      "score": 8,
      "start": 459,
    },
    Object {
      "end": 461,
      "score": 8,
      "start": 460,
    },
    Object {
      "end": 462,
      "score": 9,
      "start": 461,
    },
    Object {
      "end": 463,
      "score": 9,
      "start": 462,
    },
    Object {
      "end": 464,
      "score": 9,
      "start": 463,
    },
    Object {
      "end": 465,
      "score": 9,
      "start": 464,
    },
    Object {
      "end": 466,
      "score": 9,
      "start": 465,
    },
    Object {
      "end": 467,
      "score": 9,
      "start": 466,
    },
    Object {
      "end": 468,
      "score": 10,
      "start": 467,
    },
    Object {
      "end": 469,
      "score": 10,
      "start": 468,
    },
    Object {
      "end": 470,
      "score": 10,
      "start": 469,
    },
    Object {
      "end": 471,
      "score": 10,
      "start": 470,
    },
    Object {
      "end": 472,
      "score": 10,
      "start": 471,
    },
    Object {
      "end": 473,
      "score": 10,
      "start": 472,
    },
    Object {
      "end": 474,
      "score": 10,
      "start": 473,
    },
    Object {
      "end": 475,
      "score": 10,
      "start": 474,
    },
    Object {
      "end": 476,
      "score": 10,
      "start": 475,
    },
    Object {
      "end": 477,
      "score": 10,
      "start": 476,
    },
    Object {
      "end": 478,
      "score": 10,
      "start": 477,
    },
    Object {
      "end": 479,
      "score": 10,
      "start": 478,
    },
    Object {
      "end": 480,
      "score": 10,
      "start": 479,
    },
    Object {
      "end": 481,
      "score": 10,
      "start": 480,
    },
    Object {
      "end": 482,
      "score": 11,
      "start": 481,
    },
    Object {
      "end": 483,
      "score": 11,
      "start": 482,
    },
    Object {
      "end": 484,
      "score": 11,
      "start": 483,
    },
    Object {
      "end": 485,
      "score": 11,
      "start": 484,
    },
    Object {
      "end": 486,
      "score": 12,
      "start": 485,
    },
    Object {
      "end": 487,
      "score": 12,
      "start": 486,
    },
    Object {
      "end": 488,
      "score": 13,
      "start": 487,
    },
    Object {
      "end": 489,
      "score": 13,
      "start": 488,
    },
    Object {
      "end": 490,
      "score": 13,
      "start": 489,
    },
    Object {
      "end": 491,
      "score": 12,
      "start": 490,
    },
    Object {
      "end": 492,
      "score": 12,
      "start": 491,
    },
    Object {
      "end": 493,
      "score": 12,
      "start": 492,
    },
    Object {
      "end": 494,
      "score": 12,
      "start": 493,
    },
    Object {
      "end": 495,
      "score": 12,
      "start": 494,
    },
    Object {
      "end": 496,
      "score": 13,
      "start": 495,
    },
    Object {
      "end": 497,
      "score": 13,
      "start": 496,
    },
    Object {
      "end": 498,
      "score": 13,
      "start": 497,
    },
    Object {
      "end": 499,
      "score": 13,
      "start": 498,
    },
    Object {
      "end": 500,
      "score": 12,
      "start": 499,
    },
    Object {
      "end": 501,
      "score": 12,
      "start": 500,
    },
    Object {
      "end": 502,
      "score": 12,
      "start": 501,
    },
    Object {
      "end": 503,
      "score": 12,
      "start": 502,
    },
    Object {
      "end": 504,
      "score": 12,
      "start": 503,
    },
    Object {
      "end": 505,
      "score": 12,
      "start": 504,
    },
    Object {
      "end": 506,
      "score": 12,
      "start": 505,
    },
    Object {
      "end": 507,
      "score": 12,
      "start": 506,
    },
    Object {
      "end": 508,
      "score": 12,
      "start": 507,
    },
    Object {
      "end": 509,
      "score": 12,
      "start": 508,
    },
    Object {
      "end": 510,
      "score": 13,
      "start": 509,
    },
    Object {
      "end": 511,
      "score": 13,
      "start": 510,
    },
    Object {
      "end": 512,
      "score": 13,
      "start": 511,
    },
    Object {
      "end": 513,
      "score": 13,
      "start": 512,
    },
    Object {
      "end": 514,
      "score": 12,
      "start": 513,
    },
    Object {
      "end": 515,
      "score": 12,
      "start": 514,
    },
    Object {
      "end": 516,
      "score": 12,
      "start": 515,
    },
    Object {
      "end": 517,
      "score": 12,
      "start": 516,
    },
    Object {
      "end": 518,
      "score": 12,
      "start": 517,
    },
    Object {
      "end": 519,
      "score": 12,
      "start": 518,
    },
    Object {
      "end": 520,
      "score": 12,
      "start": 519,
    },
    Object {
      "end": 521,
      "score": 12,
      "start": 520,
    },
    Object {
      "end": 522,
      "score": 12,
      "start": 521,
    },
    Object {
      "end": 523,
      "score": 11,
      "start": 522,
    },
    Object {
      "end": 524,
      "score": 11,
      "start": 523,
    },
    Object {
      "end": 525,
      "score": 11,
      "start": 524,
    },
    Object {
      "end": 526,
      "score": 11,
      "start": 525,
    },
    Object {
      "end": 527,
      "score": 11,
      "start": 526,
    },
    Object {
      "end": 528,
      "score": 11,
      "start": 527,
    },
    Object {
      "end": 529,
      "score": 11,
      "start": 528,
    },
    Object {
      "end": 530,
      "score": 11,
      "start": 529,
    },
    Object {
      "end": 531,
      "score": 11,
      "start": 530,
    },
    Object {
      "end": 532,
      "score": 10,
      "start": 531,
    },
    Object {
      "end": 533,
      "score": 9,
      "start": 532,
    },
    Object {
      "end": 534,
      "score": 9,
      "start": 533,
    },
    Object {
      "end": 535,
      "score": 9,
      "start": 534,
    },
    Object {
      "end": 536,
      "score": 9,
      "start": 535,
    },
    Object {
      "end": 537,
      "score": 9,
      "start": 536,
    },
    Object {
      "end": 538,
      "score": 9,
      "start": 537,
    },
    Object {
      "end": 539,
      "score": 9,
      "start": 538,
    },
    Object {
      "end": 540,
      "score": 9,
      "start": 539,
    },
    Object {
      "end": 541,
      "score": 10,
      "start": 540,
    },
    Object {
      "end": 542,
      "score": 10,
      "start": 541,
    },
    Object {
      "end": 543,
      "score": 10,
      "start": 542,
    },
    Object {
      "end": 544,
      "score": 10,
      "start": 543,
    },
    Object {
      "end": 545,
      "score": 10,
      "start": 544,
    },
    Object {
      "end": 546,
      "score": 11,
      "start": 545,
    },
    Object {
      "end": 547,
      "score": 11,
      "start": 546,
    },
    Object {
      "end": 548,
      "score": 11,
      "start": 547,
    },
    Object {
      "end": 549,
      "score": 11,
      "start": 548,
    },
    Object {
      "end": 550,
      "score": 11,
      "start": 549,
    },
    Object {
      "end": 551,
      "score": 11,
      "start": 550,
    },
    Object {
      "end": 552,
      "score": 11,
      "start": 551,
    },
    Object {
      "end": 553,
      "score": 11,
      "start": 552,
    },
    Object {
      "end": 554,
      "score": 10,
      "start": 553,
    },
    Object {
      "end": 555,
      "score": 10,
      "start": 554,
    },
    Object {
      "end": 556,
      "score": 10,
      "start": 555,
    },
    Object {
      "end": 557,
      "score": 11,
      "start": 556,
    },
    Object {
      "end": 558,
      "score": 11,
      "start": 557,
    },
    Object {
      "end": 559,
      "score": 11,
      "start": 558,
    },
    Object {
      "end": 560,
      "score": 11,
      "start": 559,
    },
    Object {
      "end": 561,
      "score": 11,
      "start": 560,
    },
    Object {
      "end": 562,
      "score": 10,
      "start": 561,
    },
    Object {
      "end": 563,
      "score": 11,
      "start": 562,
    },
    Object {
      "end": 564,
      "score": 11,
      "start": 563,
    },
    Object {
      "end": 565,
      "score": 14,
      "start": 564,
    },
    Object {
      "end": 566,
      "score": 14,
      "start": 565,
    },
    Object {
      "end": 567,
      "score": 15,
      "start": 566,
    },
    Object {
      "end": 568,
      "score": 14,
      "start": 567,
    },
    Object {
      "end": 569,
      "score": 14,
      "start": 568,
    },
    Object {
      "end": 570,
      "score": 14,
      "start": 569,
    },
    Object {
      "end": 571,
      "score": 15,
      "start": 570,
    },
    Object {
      "end": 572,
      "score": 15,
      "start": 571,
    },
    Object {
      "end": 573,
      "score": 15,
      "start": 572,
    },
    Object {
      "end": 574,
      "score": 15,
      "start": 573,
    },
    Object {
      "end": 575,
      "score": 17,
      "start": 574,
    },
    Object {
      "end": 576,
      "score": 17,
      "start": 575,
    },
    Object {
      "end": 577,
      "score": 17,
      "start": 576,
    },
    Object {
      "end": 578,
      "score": 18,
      "start": 577,
    },
    Object {
      "end": 579,
      "score": 18,
      "start": 578,
    },
    Object {
      "end": 580,
      "score": 19,
      "start": 579,
    },
    Object {
      "end": 581,
      "score": 19,
      "start": 580,
    },
    Object {
      "end": 582,
      "score": 18,
      "start": 581,
    },
    Object {
      "end": 583,
      "score": 19,
      "start": 582,
    },
    Object {
      "end": 584,
      "score": 19,
      "start": 583,
    },
    Object {
      "end": 585,
      "score": 19,
      "start": 584,
    },
    Object {
      "end": 586,
      "score": 18,
      "start": 585,
    },
    Object {
      "end": 587,
      "score": 18,
      "start": 586,
    },
    Object {
      "end": 588,
      "score": 17,
      "start": 587,
    },
    Object {
      "end": 589,
      "score": 17,
      "start": 588,
    },
    Object {
      "end": 590,
      "score": 17,
      "start": 589,
    },
    Object {
      "end": 591,
      "score": 17,
      "start": 590,
    },
    Object {
      "end": 592,
      "score": 17,
      "start": 591,
    },
    Object {
      "end": 593,
      "score": 17,
      "start": 592,
    },
    Object {
      "end": 594,
      "score": 18,
      "start": 593,
    },
    Object {
      "end": 595,
      "score": 18,
      "start": 594,
    },
    Object {
      "end": 596,
      "score": 18,
      "start": 595,
    },
    Object {
      "end": 597,
      "score": 18,
      "start": 596,
    },
    Object {
      "end": 598,
      "score": 18,
      "start": 597,
    },
    Object {
      "end": 599,
      "score": 18,
      "start": 598,
    },
    Object {
      "end": 600,
      "score": 18,
      "start": 599,
    },
    Object {
      "end": 601,
      "score": 18,
      "start": 600,
    },
    Object {
      "end": 602,
      "score": 18,
      "start": 601,
    },
    Object {
      "end": 603,
      "score": 18,
      "start": 602,
    },
    Object {
      "end": 604,
      "score": 18,
      "start": 603,
    },
    Object {
      "end": 605,
      "score": 18,
      "start": 604,
    },
    Object {
      "end": 606,
      "score": 18,
      "start": 605,
    },
    Object {
      "end": 607,
      "score": 18,
      "start": 606,
    },
    Object {
      "end": 608,
      "score": 18,
      "start": 607,
    },
    Object {
      "end": 609,
      "score": 18,
      "start": 608,
    },
    Object {
      "end": 610,
      "score": 17,
      "start": 609,
    },
    Object {
      "end": 611,
      "score": 17,
      "start": 610,
    },
    Object {
      "end": 612,
      "score": 19,
      "start": 611,
    },
    Object {
      "end": 613,
      "score": 20,
      "start": 612,
    },
    Object {
      "end": 614,
      "score": 19,
      "start": 613,
    },
    Object {
      "end": 615,
      "score": 19,
      "start": 614,
    },
    Object {
      "end": 616,
      "score": 19,
      "start": 615,
    },
    Object {
      "end": 617,
      "score": 19,
      "start": 616,
    },
    Object {
      "end": 618,
      "score": 19,
      "start": 617,
    },
    Object {
      "end": 619,
      "score": 20,
      "start": 618,
    },
    Object {
      "end": 620,
      "score": 20,
      "start": 619,
    },
    Object {
      "end": 621,
      "score": 20,
      "start": 620,
    },
    Object {
      "end": 622,
      "score": 20,
      "start": 621,
    },
    Object {
      "end": 623,
      "score": 20,
      "start": 622,
    },
    Object {
      "end": 624,
      "score": 20,
      "start": 623,
    },
    Object {
      "end": 625,
      "score": 20,
      "start": 624,
    },
    Object {
      "end": 626,
      "score": 21,
      "start": 625,
    },
    Object {
      "end": 627,
      "score": 22,
      "start": 626,
    },
    Object {
      "end": 628,
      "score": 22,
      "start": 627,
    },
    Object {
      "end": 629,
      "score": 22,
      "start": 628,
    },
    Object {
      "end": 630,
      "score": 22,
      "start": 629,
    },
    Object {
      "end": 631,
      "score": 24,
      "start": 630,
    },
    Object {
      "end": 632,
      "score": 24,
      "start": 631,
    },
    Object {
      "end": 633,
      "score": 24,
      "start": 632,
    },
    Object {
      "end": 634,
      "score": 24,
      "start": 633,
    },
    Object {
      "end": 635,
      "score": 24,
      "start": 634,
    },
    Object {
      "end": 636,
      "score": 24,
      "start": 635,
    },
    Object {
      "end": 637,
      "score": 24,
      "start": 636,
    },
    Object {
      "end": 638,
      "score": 24,
      "start": 637,
    },
    Object {
      "end": 639,
      "score": 24,
      "start": 638,
    },
    Object {
      "end": 640,
      "score": 24,
      "start": 639,
    },
    Object {
      "end": 641,
      "score": 23,
      "start": 640,
    },
    Object {
      "end": 642,
      "score": 23,
      "start": 641,
    },
    Object {
      "end": 643,
      "score": 23,
      "start": 642,
    },
    Object {
      "end": 644,
      "score": 23,
      "start": 643,
    },
    Object {
      "end": 645,
      "score": 23,
      "start": 644,
    },
    Object {
      "end": 646,
      "score": 22,
      "start": 645,
    },
    Object {
      "end": 647,
      "score": 22,
      "start": 646,
    },
    Object {
      "end": 648,
      "score": 22,
      "start": 647,
    },
    Object {
      "end": 649,
      "score": 22,
      "start": 648,
    },
    Object {
      "end": 650,
      "score": 22,
      "start": 649,
    },
    Object {
      "end": 651,
      "score": 22,
      "start": 650,
    },
    Object {
      "end": 652,
      "score": 22,
      "start": 651,
    },
    Object {
      "end": 653,
      "score": 23,
      "start": 652,
    },
    Object {
      "end": 654,
      "score": 23,
      "start": 653,
    },
    Object {
      "end": 655,
      "score": 23,
      "start": 654,
    },
    Object {
      "end": 656,
      "score": 23,
      "start": 655,
    },
    Object {
      "end": 657,
      "score": 22,
      "start": 656,
    },
    Object {
      "end": 658,
      "score": 22,
      "start": 657,
    },
    Object {
      "end": 659,
      "score": 22,
      "start": 658,
    },
    Object {
      "end": 660,
      "score": 22,
      "start": 659,
    },
    Object {
      "end": 661,
      "score": 23,
      "start": 660,
    },
    Object {
      "end": 662,
      "score": 24,
      "start": 661,
    },
    Object {
      "end": 663,
      "score": 23,
      "start": 662,
    },
    Object {
      "end": 664,
      "score": 23,
      "start": 663,
    },
    Object {
      "end": 665,
      "score": 21,
      "start": 664,
    },
    Object {
      "end": 666,
      "score": 21,
      "start": 665,
    },
    Object {
      "end": 667,
      "score": 20,
      "start": 666,
    },
    Object {
      "end": 668,
      "score": 20,
      "start": 667,
    },
    Object {
      "end": 669,
      "score": 20,
      "start": 668,
    },
    Object {
      "end": 670,
      "score": 20,
      "start": 669,
    },
    Object {
      "end": 671,
      "score": 19,
      "start": 670,
    },
    Object {
      "end": 672,
      "score": 19,
      "start": 671,
    },
    Object {
      "end": 673,
      "score": 19,
      "start": 672,
    },
    Object {
      "end": 674,
      "score": 19,
      "start": 673,
    },
    Object {
      "end": 675,
      "score": 17,
      "start": 674,
    },
    Object {
      "end": 676,
      "score": 17,
      "start": 675,
    },
    Object {
      "end": 677,
      "score": 17,
      "start": 676,
    },
    Object {
      "end": 678,
      "score": 16,
      "start": 677,
    },
    Object {
      "end": 679,
      "score": 16,
      "start": 678,
    },
    Object {
      "end": 680,
      "score": 16,
      "start": 679,
    },
    Object {
      "end": 681,
      "score": 16,
      "start": 680,
    },
    Object {
      "end": 682,
      "score": 16,
      "start": 681,
    },
    Object {
      "end": 683,
      "score": 15,
      "start": 682,
    },
    Object {
      "end": 684,
      "score": 15,
      "start": 683,
    },
    Object {
      "end": 685,
      "score": 15,
      "start": 684,
    },
    Object {
      "end": 686,
      "score": 16,
      "start": 685,
    },
    Object {
      "end": 687,
      "score": 16,
      "start": 686,
    },
    Object {
      "end": 688,
      "score": 16,
      "start": 687,
    },
    Object {
      "end": 689,
      "score": 16,
      "start": 688,
    },
    Object {
      "end": 690,
      "score": 16,
      "start": 689,
    },
    Object {
      "end": 691,
      "score": 17,
      "start": 690,
    },
    Object {
      "end": 692,
      "score": 17,
      "start": 691,
    },
    Object {
      "end": 693,
      "score": 17,
      "start": 692,
    },
    Object {
      "end": 694,
      "score": 16,
      "start": 693,
    },
    Object {
      "end": 695,
      "score": 16,
      "start": 694,
    },
    Object {
      "end": 696,
      "score": 15,
      "start": 695,
    },
    Object {
      "end": 697,
      "score": 15,
      "start": 696,
    },
    Object {
      "end": 698,
      "score": 15,
      "start": 697,
    },
    Object {
      "end": 699,
      "score": 15,
      "start": 698,
    },
    Object {
      "end": 700,
      "score": 15,
      "start": 699,
    },
    Object {
      "end": 701,
      "score": 15,
      "start": 700,
    },
    Object {
      "end": 702,
      "score": 15,
      "start": 701,
    },
    Object {
      "end": 703,
      "score": 15,
      "start": 702,
    },
    Object {
      "end": 704,
      "score": 15,
      "start": 703,
    },
    Object {
      "end": 705,
      "score": 15,
      "start": 704,
    },
    Object {
      "end": 706,
      "score": 15,
      "start": 705,
    },
    Object {
      "end": 707,
      "score": 15,
      "start": 706,
    },
    Object {
      "end": 708,
      "score": 15,
      "start": 707,
    },
    Object {
      "end": 709,
      "score": 15,
      "start": 708,
    },
    Object {
      "end": 710,
      "score": 15,
      "start": 709,
    },
    Object {
      "end": 711,
      "score": 15,
      "start": 710,
    },
    Object {
      "end": 712,
      "score": 13,
      "start": 711,
    },
    Object {
      "end": 713,
      "score": 12,
      "start": 712,
    },
    Object {
      "end": 714,
      "score": 13,
      "start": 713,
    },
    Object {
      "end": 715,
      "score": 13,
      "start": 714,
    },
    Object {
      "end": 716,
      "score": 14,
      "start": 715,
    },
    Object {
      "end": 717,
      "score": 14,
      "start": 716,
    },
    Object {
      "end": 718,
      "score": 14,
      "start": 717,
    },
    Object {
      "end": 719,
      "score": 13,
      "start": 718,
    },
    Object {
      "end": 720,
      "score": 13,
      "start": 719,
    },
    Object {
      "end": 721,
      "score": 14,
      "start": 720,
    },
    Object {
      "end": 722,
      "score": 14,
      "start": 721,
    },
    Object {
      "end": 723,
      "score": 14,
      "start": 722,
    },
    Object {
      "end": 724,
      "score": 14,
      "start": 723,
    },
    Object {
      "end": 725,
      "score": 14,
      "start": 724,
    },
    Object {
      "end": 726,
      "score": 14,
      "start": 725,
    },
    Object {
      "end": 727,
      "score": 13,
      "start": 726,
    },
    Object {
      "end": 728,
      "score": 14,
      "start": 727,
    },
    Object {
      "end": 729,
      "score": 14,
      "start": 728,
    },
    Object {
      "end": 730,
      "score": 15,
      "start": 729,
    },
    Object {
      "end": 731,
      "score": 14,
      "start": 730,
    },
    Object {
      "end": 732,
      "score": 14,
      "start": 731,
    },
    Object {
      "end": 733,
      "score": 14,
      "start": 732,
    },
    Object {
      "end": 734,
      "score": 14,
      "start": 733,
    },
    Object {
      "end": 735,
      "score": 14,
      "start": 734,
    },
    Object {
      "end": 736,
      "score": 14,
      "start": 735,
    },
    Object {
      "end": 737,
      "score": 14,
      "start": 736,
    },
    Object {
      "end": 738,
      "score": 14,
      "start": 737,
    },
    Object {
      "end": 739,
      "score": 14,
      "start": 738,
    },
    Object {
      "end": 740,
      "score": 14,
      "start": 739,
    },
    Object {
      "end": 741,
      "score": 14,
      "start": 740,
    },
    Object {
      "end": 742,
      "score": 14,
      "start": 741,
    },
    Object {
      "end": 743,
      "score": 14,
      "start": 742,
    },
    Object {
      "end": 744,
      "score": 14,
      "start": 743,
    },
    Object {
      "end": 745,
      "score": 14,
      "start": 744,
    },
    Object {
      "end": 746,
      "score": 14,
      "start": 745,
    },
    Object {
      "end": 747,
      "score": 14,
      "start": 746,
    },
    Object {
      "end": 748,
      "score": 15,
      "start": 747,
    },
    Object {
      "end": 749,
      "score": 15,
      "start": 748,
    },
    Object {
      "end": 750,
      "score": 15,
      "start": 749,
    },
    Object {
      "end": 751,
      "score": 15,
      "start": 750,
    },
    Object {
      "end": 752,
      "score": 15,
      "start": 751,
    },
    Object {
      "end": 753,
      "score": 14,
      "start": 752,
    },
    Object {
      "end": 754,
      "score": 14,
      "start": 753,
    },
    Object {
      "end": 755,
      "score": 14,
      "start": 754,
    },
    Object {
      "end": 756,
      "score": 14,
      "start": 755,
    },
    Object {
      "end": 757,
      "score": 14,
      "start": 756,
    },
    Object {
      "end": 758,
      "score": 14,
      "start": 757,
    },
    Object {
      "end": 759,
      "score": 14,
      "start": 758,
    },
    Object {
      "end": 760,
      "score": 14,
      "start": 759,
    },
    Object {
      "end": 761,
      "score": 13,
      "start": 760,
    },
    Object {
      "end": 762,
      "score": 12,
      "start": 761,
    },
    Object {
      "end": 763,
      "score": 12,
      "start": 762,
    },
    Object {
      "end": 764,
      "score": 12,
      "start": 763,
    },
    Object {
      "end": 765,
      "score": 12,
      "start": 764,
    },
    Object {
      "end": 766,
      "score": 12,
      "start": 765,
    },
    Object {
      "end": 767,
      "score": 13,
      "start": 766,
    },
    Object {
      "end": 768,
      "score": 13,
      "start": 767,
    },
    Object {
      "end": 769,
      "score": 13,
      "start": 768,
    },
    Object {
      "end": 770,
      "score": 13,
      "start": 769,
    },
    Object {
      "end": 771,
      "score": 13,
      "start": 770,
    },
    Object {
      "end": 772,
      "score": 13,
      "start": 771,
    },
    Object {
      "end": 773,
      "score": 13,
      "start": 772,
    },
    Object {
      "end": 774,
      "score": 13,
      "start": 773,
    },
    Object {
      "end": 775,
      "score": 13,
      "start": 774,
    },
    Object {
      "end": 776,
      "score": 14,
      "start": 775,
    },
    Object {
      "end": 777,
      "score": 14,
      "start": 776,
    },
    Object {
      "end": 778,
      "score": 14,
      "start": 777,
    },
    Object {
      "end": 779,
      "score": 14,
      "start": 778,
    },
    Object {
      "end": 780,
      "score": 13,
      "start": 779,
    },
    Object {
      "end": 781,
      "score": 13,
      "start": 780,
    },
    Object {
      "end": 782,
      "score": 13,
      "start": 781,
    },
    Object {
      "end": 783,
      "score": 13,
      "start": 782,
    },
    Object {
      "end": 784,
      "score": 13,
      "start": 783,
    },
    Object {
      "end": 785,
      "score": 13,
      "start": 784,
    },
    Object {
      "end": 786,
      "score": 12,
      "start": 785,
    },
    Object {
      "end": 787,
      "score": 13,
      "start": 786,
    },
    Object {
      "end": 788,
      "score": 13,
      "start": 787,
    },
    Object {
      "end": 789,
      "score": 13,
      "start": 788,
    },
    Object {
      "end": 790,
      "score": 13,
      "start": 789,
    },
    Object {
      "end": 791,
      "score": 12,
      "start": 790,
    },
    Object {
      "end": 792,
      "score": 12,
      "start": 791,
    },
    Object {
      "end": 793,
      "score": 12,
      "start": 792,
    },
    Object {
      "end": 794,
      "score": 12,
      "start": 793,
    },
    Object {
      "end": 795,
      "score": 12,
      "start": 794,
    },
    Object {
      "end": 796,
      "score": 12,
      "start": 795,
    },
    Object {
      "end": 797,
      "score": 12,
      "start": 796,
    },
    Object {
      "end": 798,
      "score": 13,
      "start": 797,
    },
    Object {
      "end": 799,
      "score": 13,
      "start": 798,
    },
    Object {
      "end": 800,
      "score": 13,
      "start": 799,
    },
    Object {
      "end": 801,
      "score": 13,
      "start": 800,
    },
    Object {
      "end": 802,
      "score": 13,
      "start": 801,
    },
    Object {
      "end": 803,
      "score": 13,
      "start": 802,
    },
    Object {
      "end": 804,
      "score": 13,
      "start": 803,
    },
    Object {
      "end": 805,
      "score": 14,
      "start": 804,
    },
    Object {
      "end": 806,
      "score": 14,
      "start": 805,
    },
    Object {
      "end": 807,
      "score": 14,
      "start": 806,
    },
    Object {
      "end": 808,
      "score": 14,
      "start": 807,
    },
    Object {
      "end": 809,
      "score": 14,
      "start": 808,
    },
    Object {
      "end": 810,
      "score": 15,
      "start": 809,
    },
    Object {
      "end": 811,
      "score": 15,
      "start": 810,
    },
    Object {
      "end": 812,
      "score": 15,
      "start": 811,
    },
    Object {
      "end": 813,
      "score": 15,
      "start": 812,
    },
    Object {
      "end": 814,
      "score": 15,
      "start": 813,
    },
    Object {
      "end": 815,
      "score": 15,
      "start": 814,
    },
    Object {
      "end": 816,
      "score": 14,
      "start": 815,
    },
    Object {
      "end": 817,
      "score": 14,
      "start": 816,
    },
    Object {
      "end": 818,
      "score": 14,
      "start": 817,
    },
    Object {
      "end": 819,
      "score": 14,
      "start": 818,
    },
    Object {
      "end": 820,
      "score": 14,
      "start": 819,
    },
    Object {
      "end": 821,
      "score": 13,
      "start": 820,
    },
    Object {
      "end": 822,
      "score": 13,
      "start": 821,
    },
    Object {
      "end": 823,
      "score": 13,
      "start": 822,
    },
    Object {
      "end": 824,
      "score": 13,
      "start": 823,
    },
    Object {
      "end": 825,
      "score": 14,
      "start": 824,
    },
    Object {
      "end": 826,
      "score": 13,
      "start": 825,
    },
    Object {
      "end": 827,
      "score": 13,
      "start": 826,
    },
    Object {
      "end": 828,
      "score": 12,
      "start": 827,
    },
    Object {
      "end": 829,
      "score": 12,
      "start": 828,
    },
    Object {
      "end": 830,
      "score": 11,
      "start": 829,
    },
    Object {
      "end": 831,
      "score": 10,
      "start": 830,
    },
    Object {
      "end": 832,
      "score": 10,
      "start": 831,
    },
    Object {
      "end": 833,
      "score": 10,
      "start": 832,
    },
    Object {
      "end": 834,
      "score": 11,
      "start": 833,
    },
    Object {
      "end": 835,
      "score": 11,
      "start": 834,
    },
    Object {
      "end": 836,
      "score": 11,
      "start": 835,
    },
    Object {
      "end": 837,
      "score": 11,
      "start": 836,
    },
    Object {
      "end": 838,
      "score": 11,
      "start": 837,
    },
    Object {
      "end": 839,
      "score": 11,
      "start": 838,
    },
    Object {
      "end": 840,
      "score": 12,
      "start": 839,
    },
    Object {
      "end": 841,
      "score": 12,
      "start": 840,
    },
    Object {
      "end": 842,
      "score": 12,
      "start": 841,
    },
    Object {
      "end": 843,
      "score": 12,
      "start": 842,
    },
    Object {
      "end": 844,
      "score": 12,
      "start": 843,
    },
    Object {
      "end": 845,
      "score": 13,
      "start": 844,
    },
    Object {
      "end": 846,
      "score": 14,
      "start": 845,
    },
    Object {
      "end": 847,
      "score": 14,
      "start": 846,
    },
    Object {
      "end": 848,
      "score": 13,
      "start": 847,
    },
    Object {
      "end": 849,
      "score": 13,
      "start": 848,
    },
    Object {
      "end": 850,
      "score": 14,
      "start": 849,
    },
    Object {
      "end": 851,
      "score": 14,
      "start": 850,
    },
    Object {
      "end": 852,
      "score": 15,
      "start": 851,
    },
    Object {
      "end": 853,
      "score": 15,
      "start": 852,
    },
    Object {
      "end": 854,
      "score": 15,
      "start": 853,
    },
    Object {
      "end": 855,
      "score": 15,
      "start": 854,
    },
    Object {
      "end": 856,
      "score": 17,
      "start": 855,
    },
    Object {
      "end": 857,
      "score": 17,
      "start": 856,
    },
    Object {
      "end": 858,
      "score": 17,
      "start": 857,
    },
    Object {
      "end": 859,
      "score": 17,
      "start": 858,
    },
    Object {
      "end": 860,
      "score": 17,
      "start": 859,
    },
    Object {
      "end": 861,
      "score": 17,
      "start": 860,
    },
    Object {
      "end": 862,
      "score": 17,
      "start": 861,
    },
    Object {
      "end": 863,
      "score": 17,
      "start": 862,
    },
    Object {
      "end": 864,
      "score": 17,
      "start": 863,
    },
    Object {
      "end": 865,
      "score": 16,
      "start": 864,
    },
    Object {
      "end": 866,
      "score": 16,
      "start": 865,
    },
    Object {
      "end": 867,
      "score": 17,
      "start": 866,
    },
    Object {
      "end": 868,
      "score": 17,
      "start": 867,
    },
    Object {
      "end": 869,
      "score": 17,
      "start": 868,
    },
    Object {
      "end": 870,
      "score": 17,
      "start": 869,
    },
    Object {
      "end": 871,
      "score": 17,
      "start": 870,
    },
    Object {
      "end": 872,
      "score": 17,
      "start": 871,
    },
    Object {
      "end": 873,
      "score": 17,
      "start": 872,
    },
    Object {
      "end": 874,
      "score": 18,
      "start": 873,
    },
    Object {
      "end": 875,
      "score": 18,
      "start": 874,
    },
    Object {
      "end": 876,
      "score": 18,
      "start": 875,
    },
    Object {
      "end": 877,
      "score": 18,
      "start": 876,
    },
    Object {
      "end": 878,
      "score": 18,
      "start": 877,
    },
    Object {
      "end": 879,
      "score": 20,
      "start": 878,
    },
    Object {
      "end": 880,
      "score": 20,
      "start": 879,
    },
    Object {
      "end": 881,
      "score": 20,
      "start": 880,
    },
    Object {
      "end": 882,
      "score": 20,
      "start": 881,
    },
    Object {
      "end": 883,
      "score": 20,
      "start": 882,
    },
    Object {
      "end": 884,
      "score": 21,
      "start": 883,
    },
    Object {
      "end": 885,
      "score": 21,
      "start": 884,
    },
    Object {
      "end": 886,
      "score": 21,
      "start": 885,
    },
    Object {
      "end": 887,
      "score": 20,
      "start": 886,
    },
    Object {
      "end": 888,
      "score": 20,
      "start": 887,
    },
    Object {
      "end": 889,
      "score": 20,
      "start": 888,
    },
    Object {
      "end": 890,
      "score": 20,
      "start": 889,
    },
    Object {
      "end": 891,
      "score": 20,
      "start": 890,
    },
    Object {
      "end": 892,
      "score": 20,
      "start": 891,
    },
    Object {
      "end": 893,
      "score": 20,
      "start": 892,
    },
    Object {
      "end": 894,
      "score": 21,
      "start": 893,
    },
    Object {
      "end": 895,
      "score": 21,
      "start": 894,
    },
    Object {
      "end": 896,
      "score": 21,
      "start": 895,
    },
    Object {
      "end": 897,
      "score": 21,
      "start": 896,
    },
    Object {
      "end": 898,
      "score": 20,
      "start": 897,
    },
    Object {
      "end": 899,
      "score": 20,
      "start": 898,
    },
    Object {
      "end": 900,
      "score": 20,
      "start": 899,
    },
    Object {
      "end": 901,
      "score": 20,
      "start": 900,
    },
    Object {
      "end": 902,
      "score": 20,
      "start": 901,
    },
    Object {
      "end": 903,
      "score": 20,
      "start": 902,
    },
    Object {
      "end": 904,
      "score": 20,
      "start": 903,
    },
    Object {
      "end": 905,
      "score": 19,
      "start": 904,
    },
    Object {
      "end": 906,
      "score": 19,
      "start": 905,
    },
    Object {
      "end": 907,
      "score": 19,
      "start": 906,
    },
    Object {
      "end": 908,
      "score": 19,
      "start": 907,
    },
    Object {
      "end": 909,
      "score": 19,
      "start": 908,
    },
    Object {
      "end": 910,
      "score": 18,
      "start": 909,
    },
    Object {
      "end": 911,
      "score": 18,
      "start": 910,
    },
    Object {
      "end": 912,
      "score": 19,
      "start": 911,
    },
    Object {
      "end": 913,
      "score": 19,
      "start": 912,
    },
    Object {
      "end": 914,
      "score": 18,
      "start": 913,
    },
    Object {
      "end": 915,
      "score": 18,
      "start": 914,
    },
    Object {
      "end": 916,
      "score": 18,
      "start": 915,
    },
    Object {
      "end": 917,
      "score": 18,
      "start": 916,
    },
    Object {
      "end": 918,
      "score": 18,
      "start": 917,
    },
    Object {
      "end": 919,
      "score": 18,
      "start": 918,
    },
    Object {
      "end": 920,
      "score": 19,
      "start": 919,
    },
    Object {
      "end": 921,
      "score": 19,
      "start": 920,
    },
    Object {
      "end": 922,
      "score": 19,
      "start": 921,
    },
    Object {
      "end": 923,
      "score": 19,
      "start": 922,
    },
    Object {
      "end": 924,
      "score": 19,
      "start": 923,
    },
    Object {
      "end": 925,
      "score": 18,
      "start": 924,
    },
    Object {
      "end": 926,
      "score": 18,
      "start": 925,
    },
    Object {
      "end": 927,
      "score": 18,
      "start": 926,
    },
    Object {
      "end": 928,
      "score": 18,
      "start": 927,
    },
    Object {
      "end": 929,
      "score": 18,
      "start": 928,
    },
    Object {
      "end": 930,
      "score": 18,
      "start": 929,
    },
    Object {
      "end": 931,
      "score": 18,
      "start": 930,
    },
    Object {
      "end": 932,
      "score": 18,
      "start": 931,
    },
    Object {
      "end": 933,
      "score": 18,
      "start": 932,
    },
    Object {
      "end": 934,
      "score": 18,
      "start": 933,
    },
    Object {
      "end": 935,
      "score": 18,
      "start": 934,
    },
    Object {
      "end": 936,
      "score": 18,
      "start": 935,
    },
    Object {
      "end": 937,
      "score": 18,
      "start": 936,
    },
    Object {
      "end": 938,
      "score": 18,
      "start": 937,
    },
    Object {
      "end": 939,
      "score": 18,
      "start": 938,
    },
    Object {
      "end": 940,
      "score": 18,
      "start": 939,
    },
    Object {
      "end": 941,
      "score": 18,
      "start": 940,
    },
    Object {
      "end": 942,
      "score": 18,
      "start": 941,
    },
    Object {
      "end": 943,
      "score": 20,
      "start": 942,
    },
    Object {
      "end": 944,
      "score": 20,
      "start": 943,
    },
    Object {
      "end": 945,
      "score": 19,
      "start": 944,
    },
    Object {
      "end": 946,
      "score": 18,
      "start": 945,
    },
    Object {
      "end": 947,
      "score": 18,
      "start": 946,
    },
    Object {
      "end": 948,
      "score": 18,
      "start": 947,
    },
    Object {
      "end": 949,
      "score": 18,
      "start": 948,
    },
    Object {
      "end": 950,
      "score": 17,
      "start": 949,
    },
    Object {
      "end": 951,
      "score": 18,
      "start": 950,
    },
    Object {
      "end": 952,
      "score": 17,
      "start": 951,
    },
    Object {
      "end": 953,
      "score": 17,
      "start": 952,
    },
    Object {
      "end": 954,
      "score": 18,
      "start": 953,
    },
    Object {
      "end": 955,
      "score": 18,
      "start": 954,
    },
    Object {
      "end": 956,
      "score": 17,
      "start": 955,
    },
    Object {
      "end": 957,
      "score": 17,
      "start": 956,
    },
    Object {
      "end": 958,
      "score": 17,
      "start": 957,
    },
    Object {
      "end": 959,
      "score": 17,
      "start": 958,
    },
    Object {
      "end": 960,
      "score": 17,
      "start": 959,
    },
    Object {
      "end": 961,
      "score": 17,
      "start": 960,
    },
    Object {
      "end": 962,
      "score": 18,
      "start": 961,
    },
    Object {
      "end": 963,
      "score": 18,
      "start": 962,
    },
    Object {
      "end": 964,
      "score": 18,
      "start": 963,
    },
    Object {
      "end": 965,
      "score": 18,
      "start": 964,
    },
    Object {
      "end": 966,
      "score": 18,
      "start": 965,
    },
    Object {
      "end": 967,
      "score": 17,
      "start": 966,
    },
    Object {
      "end": 968,
      "score": 17,
      "start": 967,
    },
    Object {
      "end": 969,
      "score": 17,
      "start": 968,
    },
    Object {
      "end": 970,
      "score": 17,
      "start": 969,
    },
    Object {
      "end": 971,
      "score": 17,
      "start": 970,
    },
    Object {
      "end": 972,
      "score": 18,
      "start": 971,
    },
    Object {
      "end": 973,
      "score": 20,
      "start": 972,
    },
    Object {
      "end": 974,
      "score": 19,
      "start": 973,
    },
    Object {
      "end": 975,
      "score": 19,
      "start": 974,
    },
    Object {
      "end": 976,
      "score": 18,
      "start": 975,
    },
    Object {
      "end": 977,
      "score": 18,
      "start": 976,
    },
    Object {
      "end": 978,
      "score": 18,
      "start": 977,
    },
    Object {
      "end": 979,
      "score": 16,
      "start": 978,
    },
    Object {
      "end": 980,
      "score": 17,
      "start": 979,
    },
    Object {
      "end": 981,
      "score": 17,
      "start": 980,
    },
    Object {
      "end": 982,
      "score": 17,
      "start": 981,
    },
    Object {
      "end": 983,
      "score": 17,
      "start": 982,
    },
    Object {
      "end": 984,
      "score": 17,
      "start": 983,
    },
    Object {
      "end": 985,
      "score": 17,
      "start": 984,
    },
    Object {
      "end": 986,
      "score": 17,
      "start": 985,
    },
    Object {
      "end": 987,
      "score": 17,
      "start": 986,
    },
    Object {
      "end": 988,
      "score": 17,
      "start": 987,
    },
    Object {
      "end": 989,
      "score": 17,
      "start": 988,
    },
    Object {
      "end": 990,
      "score": 17,
      "start": 989,
    },
    Object {
      "end": 991,
      "score": 18,
      "start": 990,
    },
    Object {
      "end": 992,
      "score": 18,
      "start": 991,
    },
    Object {
      "end": 993,
      "score": 18,
      "start": 992,
    },
    Object {
      "end": 994,
      "score": 17,
      "start": 993,
    },
    Object {
      "end": 995,
      "score": 17,
      "start": 994,
    },
    Object {
      "end": 996,
      "score": 17,
      "start": 995,
    },
    Object {
      "end": 997,
      "score": 17,
      "start": 996,
    },
    Object {
      "end": 998,
      "score": 17,
      "start": 997,
    },
    Object {
      "end": 999,
      "score": 17,
      "start": 998,
    },
    Object {
      "end": 1000,
      "score": 18,
      "start": 999,
    },
    Object {
      "end": 1001,
      "score": 18,
      "start": 1000,
    },
    Object {
      "end": 1002,
      "score": 18,
      "start": 1001,
    },
    Object {
      "end": 1003,
      "score": 18,
      "start": 1002,
    },
    Object {
      "end": 1004,
      "score": 18,
      "start": 1003,
    },
    Object {
      "end": 1005,
      "score": 18,
      "start": 1004,
    },
    Object {
      "end": 1006,
      "score": 19,
      "start": 1005,
    },
    Object {
      "end": 1007,
      "score": 20,
      "start": 1006,
    },
    Object {
      "end": 1008,
      "score": 20,
      "start": 1007,
    },
    Object {
      "end": 1009,
      "score": 20,
      "start": 1008,
    },
    Object {
      "end": 1010,
      "score": 20,
      "start": 1009,
    },
    Object {
      "end": 1011,
      "score": 20,
      "start": 1010,
    },
    Object {
      "end": 1012,
      "score": 19,
      "start": 1011,
    },
    Object {
      "end": 1013,
      "score": 21,
      "start": 1012,
    },
    Object {
      "end": 1014,
      "score": 22,
      "start": 1013,
    },
    Object {
      "end": 1015,
      "score": 22,
      "start": 1014,
    },
    Object {
      "end": 1016,
      "score": 22,
      "start": 1015,
    },
    Object {
      "end": 1017,
      "score": 22,
      "start": 1016,
    },
    Object {
      "end": 1018,
      "score": 23,
      "start": 1017,
    },
    Object {
      "end": 1019,
      "score": 23,
      "start": 1018,
    },
    Object {
      "end": 1020,
      "score": 22,
      "start": 1019,
    },
    Object {
      "end": 1021,
      "score": 23,
      "start": 1020,
    },
    Object {
      "end": 1022,
      "score": 23,
      "start": 1021,
    },
    Object {
      "end": 1023,
      "score": 23,
      "start": 1022,
    },
    Object {
      "end": 1024,
      "score": 23,
      "start": 1023,
    },
    Object {
      "end": 1025,
      "score": 23,
      "start": 1024,
    },
    Object {
      "end": 1026,
      "score": 23,
      "start": 1025,
    },
  ],
]
`;
