// Jest Snapshot v1, https://goo.gl/fbAQLP

exports[`bigwig formats loads a larger bigwig file 1`] = `
Array [
  Object {
    "end": 2047679,
    "score": 0,
    "start": 1902973,
  },
  Object {
    "end": 2047760,
    "score": 1,
    "start": 2047679,
  },
  Object {
    "end": 2047762,
    "score": 0,
    "start": 2047760,
  },
  Object {
    "end": 2047849,
    "score": 1,
    "start": 2047762,
  },
  Object {
    "end": 2048043,
    "score": 0,
    "start": 2047849,
  },
  Object {
    "end": 2048125,
    "score": 1,
    "start": 2048043,
  },
  Object {
    "end": 2067012,
    "score": 0,
    "start": 2048125,
  },
  Object {
    "end": 2067099,
    "score": 1,
    "start": 2067012,
  },
  Object {
    "end": 2068982,
    "score": 0,
    "start": 2067099,
  },
  Object {
    "end": 2069069,
    "score": 1,
    "start": 2068982,
  },
  Object {
    "end": 2073477,
    "score": 0,
    "start": 2069069,
  },
  Object {
    "end": 2073485,
    "score": 1,
    "start": 2073477,
  },
  Object {
    "end": 2073564,
    "score": 2,
    "start": 2073485,
  },
  Object {
    "end": 2076947,
    "score": 0,
    "start": 2073564,
  },
  Object {
    "end": 2076956,
    "score": 1,
    "start": 2076947,
  },
  Object {
    "end": 2077030,
    "score": 2,
    "start": 2076956,
  },
  Object {
    "end": 2077034,
    "score": 1,
    "start": 2077030,
  },
  Object {
    "end": 2077775,
    "score": 0,
    "start": 2077034,
  },
  Object {
    "end": 2077844,
    "score": 1,
    "start": 2077775,
  },
  Object {
    "end": 2080490,
    "score": 0,
    "start": 2077844,
  },
  Object {
    "end": 2080567,
    "score": 1,
    "start": 2080490,
  },
  Object {
    "end": 2080577,
    "score": 2,
    "start": 2080567,
  },
  Object {
    "end": 2080633,
    "score": 1,
    "start": 2080577,
  },
  Object {
    "end": 2080874,
    "score": 0,
    "start": 2080633,
  },
  Object {
    "end": 2080932,
    "score": 1,
    "start": 2080874,
  },
  Object {
    "end": 2080961,
    "score": 2,
    "start": 2080932,
  },
  Object {
    "end": 2081019,
    "score": 1,
    "start": 2080961,
  },
  Object {
    "end": 2081492,
    "score": 0,
    "start": 2081019,
  },
  Object {
    "end": 2081516,
    "score": 1,
    "start": 2081492,
  },
  Object {
    "end": 2081545,
    "score": 2,
    "start": 2081516,
  },
  Object {
    "end": 2081579,
    "score": 3,
    "start": 2081545,
  },
  Object {
    "end": 2081586,
    "score": 2,
    "start": 2081579,
  },
  Object {
    "end": 2082624,
    "score": 0,
    "start": 2081586,
  },
  Object {
    "end": 2082693,
    "score": 1,
    "start": 2082624,
  },
  Object {
    "end": 2083072,
    "score": 0,
    "start": 2082693,
  },
  Object {
    "end": 2083150,
    "score": 1,
    "start": 2083072,
  },
  Object {
    "end": 2083604,
    "score": 0,
    "start": 2083150,
  },
  Object {
    "end": 2083669,
    "score": 1,
    "start": 2083604,
  },
  Object {
    "end": 2083717,
    "score": 0,
    "start": 2083669,
  },
  Object {
    "end": 2083804,
    "score": 1,
    "start": 2083717,
  },
  Object {
    "end": 2084786,
    "score": 0,
    "start": 2083804,
  },
  Object {
    "end": 2084827,
    "score": 1,
    "start": 2084786,
  },
  Object {
    "end": 2084873,
    "score": 2,
    "start": 2084827,
  },
  Object {
    "end": 2084914,
    "score": 1,
    "start": 2084873,
  },
  Object {
    "end": 2085027,
    "score": 0,
    "start": 2084914,
  },
  Object {
    "end": 2085044,
    "score": 2,
    "start": 2085027,
  },
  Object {
    "end": 2085055,
    "score": 1,
    "start": 2085044,
  },
  Object {
    "end": 2085071,
    "score": 3,
    "start": 2085055,
  },
  Object {
    "end": 2085073,
    "score": 4,
    "start": 2085071,
  },
  Object {
    "end": 2085083,
    "score": 3,
    "start": 2085073,
  },
  Object {
    "end": 2085096,
    "score": 4,
    "start": 2085083,
  },
  Object {
    "end": 2085121,
    "score": 5,
    "start": 2085096,
  },
  Object {
    "end": 2085127,
    "score": 8,
    "start": 2085121,
  },
  Object {
    "end": 2085213,
    "score": 0,
    "start": 2085127,
  },
  Object {
    "end": 2085228,
    "score": 8,
    "start": 2085213,
  },
  Object {
    "end": 2085244,
    "score": 6,
    "start": 2085228,
  },
  Object {
    "end": 2085256,
    "score": 5,
    "start": 2085244,
  },
  Object {
    "end": 2085258,
    "score": 4,
    "start": 2085256,
  },
  Object {
    "end": 2085269,
    "score": 5,
    "start": 2085258,
  },
  Object {
    "end": 2085276,
    "score": 4,
    "start": 2085269,
  },
  Object {
    "end": 2085294,
    "score": 2,
    "start": 2085276,
  },
  Object {
    "end": 2085327,
    "score": 1,
    "start": 2085294,
  },
  Object {
    "end": 2087272,
    "score": 0,
    "start": 2085327,
  },
  Object {
    "end": 2087337,
    "score": 1,
    "start": 2087272,
  },
  Object {
    "end": 2087339,
    "score": 2,
    "start": 2087337,
  },
  Object {
    "end": 2087363,
    "score": 6,
    "start": 2087339,
  },
  Object {
    "end": 2087383,
    "score": 7,
    "start": 2087363,
  },
  Object {
    "end": 2087418,
    "score": 9,
    "start": 2087383,
  },
  Object {
    "end": 2088502,
    "score": 0,
    "start": 2087418,
  },
  Object {
    "end": 2088508,
    "score": 9,
    "start": 2088502,
  },
  Object {
    "end": 2088510,
    "score": 8,
    "start": 2088508,
  },
  Object {
    "end": 2088525,
    "score": 4,
    "start": 2088510,
  },
  Object {
    "end": 2088529,
    "score": 3,
    "start": 2088525,
  },
  Object {
    "end": 2088534,
    "score": 4,
    "start": 2088529,
  },
  Object {
    "end": 2088550,
    "score": 3,
    "start": 2088534,
  },
  Object {
    "end": 2088554,
    "score": 4,
    "start": 2088550,
  },
  Object {
    "end": 2088576,
    "score": 3,
    "start": 2088554,
  },
  Object {
    "end": 2088583,
    "score": 4,
    "start": 2088576,
  },
  Object {
    "end": 2088607,
    "score": 5,
    "start": 2088583,
  },
  Object {
    "end": 2088616,
    "score": 6,
    "start": 2088607,
  },
  Object {
    "end": 2088623,
    "score": 5,
    "start": 2088616,
  },
  Object {
    "end": 2088637,
    "score": 4,
    "start": 2088623,
  },
  Object {
    "end": 2088645,
    "score": 2,
    "start": 2088637,
  },
  Object {
    "end": 2088647,
    "score": 1,
    "start": 2088645,
  },
  Object {
    "end": 2089067,
    "score": 0,
    "start": 2088647,
  },
  Object {
    "end": 2089149,
    "score": 2,
    "start": 2089067,
  },
  Object {
    "end": 2089306,
    "score": 0,
    "start": 2089149,
  },
  Object {
    "end": 2089352,
    "score": 1,
    "start": 2089306,
  },
  Object {
    "end": 2089379,
    "score": 0,
    "start": 2089352,
  },
  Object {
    "end": 2089386,
    "score": 1,
    "start": 2089379,
  },
  Object {
    "end": 2089403,
    "score": 3,
    "start": 2089386,
  },
  Object {
    "end": 2089411,
    "score": 4,
    "start": 2089403,
  },
  Object {
    "end": 2089428,
    "score": 3,
    "start": 2089411,
  },
  Object {
    "end": 2090167,
    "score": 0,
    "start": 2089428,
  },
  Object {
    "end": 2090212,
    "score": 3,
    "start": 2090167,
  },
  Object {
    "end": 2090214,
    "score": 1,
    "start": 2090212,
  },
  Object {
    "end": 2090228,
    "score": 0,
    "start": 2090214,
  },
  Object {
    "end": 2090244,
    "score": 3,
    "start": 2090228,
  },
  Object {
    "end": 2090614,
    "score": 0,
    "start": 2090244,
  },
  Object {
    "end": 2090616,
    "score": 1,
    "start": 2090614,
  },
  Object {
    "end": 2090621,
    "score": 4,
    "start": 2090616,
  },
  Object {
    "end": 2090638,
    "score": 5,
    "start": 2090621,
  },
  Object {
    "end": 2090669,
    "score": 6,
    "start": 2090638,
  },
  Object {
    "end": 2090675,
    "score": 5,
    "start": 2090669,
  },
  Object {
    "end": 2090683,
    "score": 4,
    "start": 2090675,
  },
  Object {
    "end": 2094710,
    "score": 0,
    "start": 2090683,
  },
  Object {
    "end": 2094714,
    "score": 4,
    "start": 2094710,
  },
  Object {
    "end": 2094728,
    "score": 3,
    "start": 2094714,
  },
  Object {
    "end": 2094733,
    "score": 2,
    "start": 2094728,
  },
  Object {
    "end": 2094735,
    "score": 3,
    "start": 2094733,
  },
  Object {
    "end": 2094752,
    "score": 2,
    "start": 2094735,
  },
  Object {
    "end": 2094771,
    "score": 1,
    "start": 2094752,
  },
  Object {
    "end": 2094799,
    "score": 2,
    "start": 2094771,
  },
  Object {
    "end": 2094818,
    "score": 3,
    "start": 2094799,
  },
  Object {
    "end": 2094858,
    "score": 2,
    "start": 2094818,
  },
  Object {
    "end": 2096485,
    "score": 0,
    "start": 2094858,
  },
  Object {
    "end": 2096492,
    "score": 3,
    "start": 2096485,
  },
  Object {
    "end": 2096500,
    "score": 4,
    "start": 2096492,
  },
  Object {
    "end": 2096512,
    "score": 5,
    "start": 2096500,
  },
  Object {
    "end": 2096522,
    "score": 6,
    "start": 2096512,
  },
  Object {
    "end": 2096549,
    "score": 7,
    "start": 2096522,
  },
  Object {
    "end": 2096553,
    "score": 8,
    "start": 2096549,
  },
  Object {
    "end": 2096571,
    "score": 7,
    "start": 2096553,
  },
  Object {
    "end": 2096572,
    "score": 6,
    "start": 2096571,
  },
  Object {
    "end": 2096578,
    "score": 4,
    "start": 2096572,
  },
  Object {
    "end": 2096587,
    "score": 5,
    "start": 2096578,
  },
  Object {
    "end": 2096591,
    "score": 4,
    "start": 2096587,
  },
  Object {
    "end": 2096609,
    "score": 2,
    "start": 2096591,
  },
  Object {
    "end": 2096621,
    "score": 3,
    "start": 2096609,
  },
  Object {
    "end": 2096625,
    "score": 4,
    "start": 2096621,
  },
  Object {
    "end": 2096630,
    "score": 3,
    "start": 2096625,
  },
  Object {
    "end": 2096642,
    "score": 4,
    "start": 2096630,
  },
  Object {
    "end": 2097900,
    "score": 0,
    "start": 2096642,
  },
  Object {
    "end": 2097909,
    "score": 4,
    "start": 2097900,
  },
  Object {
    "end": 2097910,
    "score": 5,
    "start": 2097909,
  },
  Object {
    "end": 2097923,
    "score": 6,
    "start": 2097910,
  },
  Object {
    "end": 2097934,
    "score": 5,
    "start": 2097923,
  },
  Object {
    "end": 2097936,
    "score": 6,
    "start": 2097934,
  },
  Object {
    "end": 2097966,
    "score": 5,
    "start": 2097936,
  },
  Object {
    "end": 2097975,
    "score": 4,
    "start": 2097966,
  },
  Object {
    "end": 2097997,
    "score": 2,
    "start": 2097975,
  },
  Object {
    "end": 2098021,
    "score": 1,
    "start": 2097997,
  },
  Object {
    "end": 2098108,
    "score": 0,
    "start": 2098021,
  },
  Object {
    "end": 2098121,
    "score": 1,
    "start": 2098108,
  },
  Object {
    "end": 2098128,
    "score": 2,
    "start": 2098121,
  },
  Object {
    "end": 2098137,
    "score": 5,
    "start": 2098128,
  },
  Object {
    "end": 2098171,
    "score": 6,
    "start": 2098137,
  },
  Object {
    "end": 2098195,
    "score": 7,
    "start": 2098171,
  },
  Object {
    "end": 2098208,
    "score": 6,
    "start": 2098195,
  },
  Object {
    "end": 2098215,
    "score": 4,
    "start": 2098208,
  },
  Object {
    "end": 2098229,
    "score": 1,
    "start": 2098215,
  },
  Object {
    "end": 2098232,
    "score": 2,
    "start": 2098229,
  },
  Object {
    "end": 2098316,
    "score": 1,
    "start": 2098232,
  },
  Object {
    "end": 2098356,
    "score": 0,
    "start": 2098316,
  },
  Object {
    "end": 2098373,
    "score": 1,
    "start": 2098356,
  },
  Object {
    "end": 2098379,
    "score": 2,
    "start": 2098373,
  },
  Object {
    "end": 2098398,
    "score": 3,
    "start": 2098379,
  },
  Object {
    "end": 2098443,
    "score": 4,
    "start": 2098398,
  },
  Object {
    "end": 2098454,
    "score": 3,
    "start": 2098443,
  },
  Object {
    "end": 2098466,
    "score": 2,
    "start": 2098454,
  },
  Object {
    "end": 2098485,
    "score": 1,
    "start": 2098466,
  },
  Object {
    "end": 2098488,
    "score": 0,
    "start": 2098485,
  },
  Object {
    "end": 2098557,
    "score": 3,
    "start": 2098488,
  },
  Object {
    "end": 2098574,
    "score": 2,
    "start": 2098557,
  },
  Object {
    "end": 2098575,
    "score": 1,
    "start": 2098574,
  },
  Object {
    "end": 2098592,
    "score": 0,
    "start": 2098575,
  },
  Object {
    "end": 2098679,
    "score": 1,
    "start": 2098592,
  },
  Object {
    "end": 2098773,
    "score": 0,
    "start": 2098679,
  },
  Object {
    "end": 2098837,
    "score": 1,
    "start": 2098773,
  },
  Object {
    "end": 2099001,
    "score": 0,
    "start": 2098837,
  },
  Object {
    "end": 2099072,
    "score": 1,
    "start": 2099001,
  },
  Object {
    "end": 2099087,
    "score": 2,
    "start": 2099072,
  },
  Object {
    "end": 2099088,
    "score": 3,
    "start": 2099087,
  },
  Object {
    "end": 2099159,
    "score": 2,
    "start": 2099088,
  },
  Object {
    "end": 2099174,
    "score": 1,
    "start": 2099159,
  },
  Object {
    "end": 2099397,
    "score": 0,
    "start": 2099174,
  },
  Object {
    "end": 2099419,
    "score": 1,
    "start": 2099397,
  },
  Object {
    "end": 2099484,
    "score": 2,
    "start": 2099419,
  },
  Object {
    "end": 2099506,
    "score": 1,
    "start": 2099484,
  },
  Object {
    "end": 2099686,
    "score": 0,
    "start": 2099506,
  },
  Object {
    "end": 2099773,
    "score": 1,
    "start": 2099686,
  },
  Object {
    "end": 2102376,
    "score": 0,
    "start": 2099773,
  },
]
`;

exports[`bigwig formats loads small bigwig file 1`] = `
Array [
  Object {
    "end": 3,
    "score": 1,
    "start": 2,
  },
  Object {
    "end": 4,
    "score": 1,
    "start": 3,
  },
  Object {
    "end": 5,
    "score": 1,
    "start": 4,
  },
  Object {
    "end": 6,
    "score": 1,
    "start": 5,
  },
  Object {
    "end": 7,
    "score": 1,
    "start": 6,
  },
  Object {
    "end": 8,
    "score": 2,
    "start": 7,
  },
  Object {
    "end": 9,
    "score": 2,
    "start": 8,
  },
  Object {
    "end": 10,
    "score": 2,
    "start": 9,
  },
  Object {
    "end": 11,
    "score": 2,
    "start": 10,
  },
  Object {
    "end": 12,
    "score": 2,
    "start": 11,
  },
  Object {
    "end": 13,
    "score": 2,
    "start": 12,
  },
  Object {
    "end": 14,
    "score": 2,
    "start": 13,
  },
  Object {
    "end": 15,
    "score": 2,
    "start": 14,
  },
  Object {
    "end": 16,
    "score": 3,
    "start": 15,
  },
  Object {
    "end": 17,
    "score": 4,
    "start": 16,
  },
  Object {
    "end": 18,
    "score": 5,
    "start": 17,
  },
  Object {
    "end": 19,
    "score": 5,
    "start": 18,
  },
  Object {
    "end": 20,
    "score": 5,
    "start": 19,
  },
  Object {
    "end": 21,
    "score": 5,
    "start": 20,
  },
  Object {
    "end": 22,
    "score": 5,
    "start": 21,
  },
  Object {
    "end": 23,
    "score": 5,
    "start": 22,
  },
  Object {
    "end": 24,
    "score": 5,
    "start": 23,
  },
  Object {
    "end": 25,
    "score": 5,
    "start": 24,
  },
  Object {
    "end": 26,
    "score": 5,
    "start": 25,
  },
  Object {
    "end": 27,
    "score": 5,
    "start": 26,
  },
  Object {
    "end": 28,
    "score": 5,
    "start": 27,
  },
  Object {
    "end": 29,
    "score": 5,
    "start": 28,
  },
  Object {
    "end": 30,
    "score": 5,
    "start": 29,
  },
  Object {
    "end": 31,
    "score": 5,
    "start": 30,
  },
  Object {
    "end": 32,
    "score": 5,
    "start": 31,
  },
  Object {
    "end": 33,
    "score": 5,
    "start": 32,
  },
  Object {
    "end": 34,
    "score": 5,
    "start": 33,
  },
  Object {
    "end": 35,
    "score": 5,
    "start": 34,
  },
  Object {
    "end": 36,
    "score": 5,
    "start": 35,
  },
  Object {
    "end": 37,
    "score": 5,
    "start": 36,
  },
  Object {
    "end": 38,
    "score": 5,
    "start": 37,
  },
  Object {
    "end": 39,
    "score": 5,
    "start": 38,
  },
  Object {
    "end": 40,
    "score": 5,
    "start": 39,
  },
  Object {
    "end": 41,
    "score": 5,
    "start": 40,
  },
  Object {
    "end": 42,
    "score": 5,
    "start": 41,
  },
  Object {
    "end": 43,
    "score": 6,
    "start": 42,
  },
  Object {
    "end": 44,
    "score": 7,
    "start": 43,
  },
  Object {
    "end": 45,
    "score": 7,
    "start": 44,
  },
  Object {
    "end": 46,
    "score": 7,
    "start": 45,
  },
  Object {
    "end": 47,
    "score": 7,
    "start": 46,
  },
  Object {
    "end": 48,
    "score": 8,
    "start": 47,
  },
  Object {
    "end": 49,
    "score": 8,
    "start": 48,
  },
  Object {
    "end": 50,
    "score": 8,
    "start": 49,
  },
  Object {
    "end": 51,
    "score": 8,
    "start": 50,
  },
  Object {
    "end": 52,
    "score": 8,
    "start": 51,
  },
  Object {
    "end": 53,
    "score": 8,
    "start": 52,
  },
  Object {
    "end": 54,
    "score": 8,
    "start": 53,
  },
  Object {
    "end": 55,
    "score": 8,
    "start": 54,
  },
  Object {
    "end": 56,
    "score": 9,
    "start": 55,
  },
  Object {
    "end": 57,
    "score": 9,
    "start": 56,
  },
  Object {
    "end": 58,
    "score": 9,
    "start": 57,
  },
  Object {
    "end": 59,
    "score": 9,
    "start": 58,
  },
  Object {
    "end": 60,
    "score": 9,
    "start": 59,
  },
  Object {
    "end": 61,
    "score": 9,
    "start": 60,
  },
  Object {
    "end": 62,
    "score": 9,
    "start": 61,
  },
  Object {
    "end": 63,
    "score": 9,
    "start": 62,
  },
  Object {
    "end": 64,
    "score": 9,
    "start": 63,
  },
  Object {
    "end": 65,
    "score": 9,
    "start": 64,
  },
  Object {
    "end": 66,
    "score": 10,
    "start": 65,
  },
  Object {
    "end": 67,
    "score": 10,
    "start": 66,
  },
  Object {
    "end": 68,
    "score": 10,
    "start": 67,
  },
  Object {
    "end": 69,
    "score": 10,
    "start": 68,
  },
  Object {
    "end": 70,
    "score": 10,
    "start": 69,
  },
  Object {
    "end": 71,
    "score": 10,
    "start": 70,
  },
  Object {
    "end": 72,
    "score": 10,
    "start": 71,
  },
  Object {
    "end": 73,
    "score": 10,
    "start": 72,
  },
  Object {
    "end": 74,
    "score": 10,
    "start": 73,
  },
  Object {
    "end": 75,
    "score": 10,
    "start": 74,
  },
  Object {
    "end": 76,
    "score": 10,
    "start": 75,
  },
  Object {
    "end": 77,
    "score": 11,
    "start": 76,
  },
  Object {
    "end": 78,
    "score": 11,
    "start": 77,
  },
  Object {
    "end": 79,
    "score": 11,
    "start": 78,
  },
  Object {
    "end": 80,
    "score": 11,
    "start": 79,
  },
  Object {
    "end": 81,
    "score": 11,
    "start": 80,
  },
  Object {
    "end": 82,
    "score": 11,
    "start": 81,
  },
  Object {
    "end": 83,
    "score": 11,
    "start": 82,
  },
  Object {
    "end": 84,
    "score": 11,
    "start": 83,
  },
  Object {
    "end": 85,
    "score": 11,
    "start": 84,
  },
  Object {
    "end": 86,
    "score": 11,
    "start": 85,
  },
  Object {
    "end": 87,
    "score": 11,
    "start": 86,
  },
  Object {
    "end": 88,
    "score": 11,
    "start": 87,
  },
  Object {
    "end": 89,
    "score": 11,
    "start": 88,
  },
  Object {
    "end": 90,
    "score": 11,
    "start": 89,
  },
  Object {
    "end": 91,
    "score": 12,
    "start": 90,
  },
  Object {
    "end": 92,
    "score": 12,
    "start": 91,
  },
  Object {
    "end": 93,
    "score": 12,
    "start": 92,
  },
  Object {
    "end": 94,
    "score": 12,
    "start": 93,
  },
  Object {
    "end": 95,
    "score": 13,
    "start": 94,
  },
  Object {
    "end": 96,
    "score": 13,
    "start": 95,
  },
  Object {
    "end": 97,
    "score": 13,
    "start": 96,
  },
  Object {
    "end": 98,
    "score": 13,
    "start": 97,
  },
  Object {
    "end": 99,
    "score": 13,
    "start": 98,
  },
  Object {
    "end": 100,
    "score": 13,
    "start": 99,
  },
  Object {
    "end": 101,
    "score": 13,
    "start": 100,
  },
]
`;

exports[`bigwig formats loads small bigwig file 2`] = `
Array [
  Object {
    "end": 162,
    "maxScore": 13,
    "minScore": 1,
    "score": 9.0125,
    "start": 2,
    "summary": true,
  },
  Object {
    "end": 322,
    "maxScore": 12,
    "minScore": 2,
    "score": 6.19375,
    "start": 162,
    "summary": true,
  },
  Object {
    "end": 482,
    "maxScore": 11,
    "minScore": 7,
    "score": 8.79375,
    "start": 322,
    "summary": true,
  },
  Object {
    "end": 642,
    "maxScore": 24,
    "minScore": 9,
    "score": 14.9875,
    "start": 482,
    "summary": true,
  },
  Object {
    "end": 802,
    "maxScore": 24,
    "minScore": 12,
    "score": 15.5875,
    "start": 642,
    "summary": true,
  },
  Object {
    "end": 962,
    "maxScore": 21,
    "minScore": 10,
    "score": 16.66875,
    "start": 802,
    "summary": true,
  },
  Object {
    "end": 1122,
    "maxScore": 26,
    "minScore": 16,
    "score": 21.5625,
    "start": 962,
    "summary": true,
  },
  Object {
    "end": 1282,
    "maxScore": 23,
    "minScore": 12,
    "score": 15.18125,
    "start": 1122,
    "summary": true,
  },
  Object {
    "end": 1442,
    "maxScore": 26,
    "minScore": 10,
    "score": 17.1625,
    "start": 1282,
    "summary": true,
  },
  Object {
    "end": 1602,
    "maxScore": 28,
    "minScore": 16,
    "score": 21.4,
    "start": 1442,
    "summary": true,
  },
  Object {
    "end": 1762,
    "maxScore": 31,
    "minScore": 10,
    "score": 20.575,
    "start": 1602,
    "summary": true,
  },
  Object {
    "end": 1922,
    "maxScore": 32,
    "minScore": 8,
    "score": 21.3125,
    "start": 1762,
    "summary": true,
  },
  Object {
    "end": 2082,
    "maxScore": 28,
    "minScore": 14,
    "score": 21.91875,
    "start": 1922,
    "summary": true,
  },
  Object {
    "end": 2242,
    "maxScore": 32,
    "minScore": 19,
    "score": 26.20625,
    "start": 2082,
    "summary": true,
  },
  Object {
    "end": 2402,
    "maxScore": 27,
    "minScore": 13,
    "score": 18.6125,
    "start": 2242,
    "summary": true,
  },
  Object {
    "end": 2562,
    "maxScore": 25,
    "minScore": 17,
    "score": 20.3125,
    "start": 2402,
    "summary": true,
  },
  Object {
    "end": 2722,
    "maxScore": 24,
    "minScore": 15,
    "score": 20.33125,
    "start": 2562,
    "summary": true,
  },
  Object {
    "end": 2882,
    "maxScore": 22,
    "minScore": 8,
    "score": 15.3875,
    "start": 2722,
    "summary": true,
  },
  Object {
    "end": 3042,
    "maxScore": 26,
    "minScore": 2,
    "score": 15.45625,
    "start": 2882,
    "summary": true,
  },
  Object {
    "end": 3202,
    "maxScore": 24,
    "minScore": 16,
    "score": 20.66875,
    "start": 3042,
    "summary": true,
  },
  Object {
    "end": 3362,
    "maxScore": 23,
    "minScore": 10,
    "score": 15.51875,
    "start": 3202,
    "summary": true,
  },
  Object {
    "end": 3522,
    "maxScore": 26,
    "minScore": 15,
    "score": 20.28125,
    "start": 3362,
    "summary": true,
  },
  Object {
    "end": 3682,
    "maxScore": 23,
    "minScore": 16,
    "score": 18.675,
    "start": 3522,
    "summary": true,
  },
  Object {
    "end": 3842,
    "maxScore": 24,
    "minScore": 15,
    "score": 20.125,
    "start": 3682,
    "summary": true,
  },
  Object {
    "end": 4002,
    "maxScore": 24,
    "minScore": 13,
    "score": 19.63125,
    "start": 3842,
    "summary": true,
  },
  Object {
    "end": 4162,
    "maxScore": 27,
    "minScore": 17,
    "score": 21.3,
    "start": 4002,
    "summary": true,
  },
  Object {
    "end": 4322,
    "maxScore": 26,
    "minScore": 17,
    "score": 21.31875,
    "start": 4162,
    "summary": true,
  },
  Object {
    "end": 4482,
    "maxScore": 25,
    "minScore": 16,
    "score": 19.08125,
    "start": 4322,
    "summary": true,
  },
  Object {
    "end": 4642,
    "maxScore": 19,
    "minScore": 11,
    "score": 15.84375,
    "start": 4482,
    "summary": true,
  },
  Object {
    "end": 4802,
    "maxScore": 24,
    "minScore": 13,
    "score": 18.08125,
    "start": 4642,
    "summary": true,
  },
  Object {
    "end": 4962,
    "maxScore": 31,
    "minScore": 18,
    "score": 24.4625,
    "start": 4802,
    "summary": true,
  },
  Object {
    "end": 5122,
    "maxScore": 29,
    "minScore": 15,
    "score": 20.1875,
    "start": 4962,
    "summary": true,
  },
  Object {
    "end": 5282,
    "maxScore": 27,
    "minScore": 16,
    "score": 20.23125,
    "start": 5122,
    "summary": true,
  },
  Object {
    "end": 5442,
    "maxScore": 21,
    "minScore": 14,
    "score": 16.7875,
    "start": 5282,
    "summary": true,
  },
  Object {
    "end": 5602,
    "maxScore": 24,
    "minScore": 11,
    "score": 17.225,
    "start": 5442,
    "summary": true,
  },
  Object {
    "end": 5762,
    "maxScore": 20,
    "minScore": 12,
    "score": 16.2375,
    "start": 5602,
    "summary": true,
  },
  Object {
    "end": 5922,
    "maxScore": 25,
    "minScore": 15,
    "score": 20.2375,
    "start": 5762,
    "summary": true,
  },
  Object {
    "end": 6082,
    "maxScore": 25,
    "minScore": 9,
    "score": 16.93125,
    "start": 5922,
    "summary": true,
  },
  Object {
    "end": 6242,
    "maxScore": 24,
    "minScore": 15,
    "score": 18.39375,
    "start": 6082,
    "summary": true,
  },
  Object {
    "end": 6402,
    "maxScore": 21,
    "minScore": 12,
    "score": 16.8,
    "start": 6242,
    "summary": true,
  },
  Object {
    "end": 6562,
    "maxScore": 21,
    "minScore": 13,
    "score": 17.69375,
    "start": 6402,
    "summary": true,
  },
  Object {
    "end": 6722,
    "maxScore": 24,
    "minScore": 18,
    "score": 20.43125,
    "start": 6562,
    "summary": true,
  },
  Object {
    "end": 6882,
    "maxScore": 21,
    "minScore": 15,
    "score": 18.325,
    "start": 6722,
    "summary": true,
  },
  Object {
    "end": 7042,
    "maxScore": 24,
    "minScore": 13,
    "score": 18.15,
    "start": 6882,
    "summary": true,
  },
  Object {
    "end": 7202,
    "maxScore": 22,
    "minScore": 11,
    "score": 17.34375,
    "start": 7042,
    "summary": true,
  },
  Object {
    "end": 7362,
    "maxScore": 27,
    "minScore": 15,
    "score": 20.36875,
    "start": 7202,
    "summary": true,
  },
  Object {
    "end": 7522,
    "maxScore": 25,
    "minScore": 13,
    "score": 19.1625,
    "start": 7362,
    "summary": true,
  },
  Object {
    "end": 7682,
    "maxScore": 28,
    "minScore": 17,
    "score": 22.75,
    "start": 7522,
    "summary": true,
  },
  Object {
    "end": 7842,
    "maxScore": 24,
    "minScore": 14,
    "score": 19.20625,
    "start": 7682,
    "summary": true,
  },
  Object {
    "end": 8002,
    "maxScore": 20,
    "minScore": 15,
    "score": 17.3125,
    "start": 7842,
    "summary": true,
  },
  Object {
    "end": 8162,
    "maxScore": 19,
    "minScore": 15,
    "score": 17.24375,
    "start": 8002,
    "summary": true,
  },
  Object {
    "end": 8322,
    "maxScore": 24,
    "minScore": 15,
    "score": 19.575,
    "start": 8162,
    "summary": true,
  },
  Object {
    "end": 8482,
    "maxScore": 23,
    "minScore": 14,
    "score": 18.43125,
    "start": 8322,
    "summary": true,
  },
  Object {
    "end": 8642,
    "maxScore": 26,
    "minScore": 16,
    "score": 20.14375,
    "start": 8482,
    "summary": true,
  },
  Object {
    "end": 8802,
    "maxScore": 26,
    "minScore": 13,
    "score": 19.95625,
    "start": 8642,
    "summary": true,
  },
  Object {
    "end": 8962,
    "maxScore": 26,
    "minScore": 12,
    "score": 20.63125,
    "start": 8802,
    "summary": true,
  },
  Object {
    "end": 9122,
    "maxScore": 21,
    "minScore": 15,
    "score": 17.24375,
    "start": 8962,
    "summary": true,
  },
  Object {
    "end": 9282,
    "maxScore": 25,
    "minScore": 15,
    "score": 19.81875,
    "start": 9122,
    "summary": true,
  },
  Object {
    "end": 9442,
    "maxScore": 22,
    "minScore": 15,
    "score": 19.30625,
    "start": 9282,
    "summary": true,
  },
  Object {
    "end": 9602,
    "maxScore": 29,
    "minScore": 18,
    "score": 23.0625,
    "start": 9442,
    "summary": true,
  },
  Object {
    "end": 9762,
    "maxScore": 21,
    "minScore": 11,
    "score": 14.9,
    "start": 9602,
    "summary": true,
  },
  Object {
    "end": 9922,
    "maxScore": 24,
    "minScore": 17,
    "score": 19.76875,
    "start": 9762,
    "summary": true,
  },
  Object {
    "end": 10082,
    "maxScore": 25,
    "minScore": 11,
    "score": 19.7875,
    "start": 9922,
    "summary": true,
  },
  Object {
    "end": 10242,
    "maxScore": 20,
    "minScore": 11,
    "score": 15.3,
    "start": 10082,
    "summary": true,
  },
  Object {
    "end": 10402,
    "maxScore": 31,
    "minScore": 11,
    "score": 23.08125,
    "start": 10242,
    "summary": true,
  },
  Object {
    "end": 10562,
    "maxScore": 27,
    "minScore": 18,
    "score": 22.375,
    "start": 10402,
    "summary": true,
  },
  Object {
    "end": 10722,
    "maxScore": 27,
    "minScore": 13,
    "score": 20.7625,
    "start": 10562,
    "summary": true,
  },
  Object {
    "end": 10882,
    "maxScore": 23,
    "minScore": 12,
    "score": 18.58125,
    "start": 10722,
    "summary": true,
  },
  Object {
    "end": 11042,
    "maxScore": 28,
    "minScore": 13,
    "score": 21.475,
    "start": 10882,
    "summary": true,
  },
  Object {
    "end": 11202,
    "maxScore": 22,
    "minScore": 8,
    "score": 15.04375,
    "start": 11042,
    "summary": true,
  },
  Object {
    "end": 11362,
    "maxScore": 25,
    "minScore": 11,
    "score": 17.3875,
    "start": 11202,
    "summary": true,
  },
  Object {
    "end": 11522,
    "maxScore": 26,
    "minScore": 16,
    "score": 20.6875,
    "start": 11362,
    "summary": true,
  },
  Object {
    "end": 11682,
    "maxScore": 29,
    "minScore": 14,
    "score": 20.19375,
    "start": 11522,
    "summary": true,
  },
  Object {
    "end": 11842,
    "maxScore": 21,
    "minScore": 13,
    "score": 17.4875,
    "start": 11682,
    "summary": true,
  },
  Object {
    "end": 12002,
    "maxScore": 24,
    "minScore": 15,
    "score": 19.9,
    "start": 11842,
    "summary": true,
  },
  Object {
    "end": 12162,
    "maxScore": 31,
    "minScore": 17,
    "score": 23.2125,
    "start": 12002,
    "summary": true,
  },
  Object {
    "end": 12322,
    "maxScore": 24,
    "minScore": 7,
    "score": 14.99375,
    "start": 12162,
    "summary": true,
  },
  Object {
    "end": 12482,
    "maxScore": 30,
    "minScore": 18,
    "score": 25.25625,
    "start": 12322,
    "summary": true,
  },
  Object {
    "end": 12642,
    "maxScore": 29,
    "minScore": 17,
    "score": 23.23125,
    "start": 12482,
    "summary": true,
  },
  Object {
    "end": 12802,
    "maxScore": 27,
    "minScore": 16,
    "score": 20.49375,
    "start": 12642,
    "summary": true,
  },
  Object {
    "end": 12962,
    "maxScore": 30,
    "minScore": 20,
    "score": 24.7375,
    "start": 12802,
    "summary": true,
  },
  Object {
    "end": 13122,
    "maxScore": 31,
    "minScore": 20,
    "score": 26.275,
    "start": 12962,
    "summary": true,
  },
  Object {
    "end": 13282,
    "maxScore": 28,
    "minScore": 14,
    "score": 22.03125,
    "start": 13122,
    "summary": true,
  },
  Object {
    "end": 13442,
    "maxScore": 25,
    "minScore": 12,
    "score": 18.775,
    "start": 13282,
    "summary": true,
  },
  Object {
    "end": 13602,
    "maxScore": 25,
    "minScore": 13,
    "score": 21.25,
    "start": 13442,
    "summary": true,
  },
  Object {
    "end": 13762,
    "maxScore": 23,
    "minScore": 11,
    "score": 17.825,
    "start": 13602,
    "summary": true,
  },
  Object {
    "end": 13922,
    "maxScore": 26,
    "minScore": 17,
    "score": 21.74375,
    "start": 13762,
    "summary": true,
  },
  Object {
    "end": 14082,
    "maxScore": 35,
    "minScore": 18,
    "score": 26.125,
    "start": 13922,
    "summary": true,
  },
  Object {
    "end": 14242,
    "maxScore": 23,
    "minScore": 12,
    "score": 17.33125,
    "start": 14082,
    "summary": true,
  },
  Object {
    "end": 14402,
    "maxScore": 23,
    "minScore": 12,
    "score": 16.21875,
    "start": 14242,
    "summary": true,
  },
  Object {
    "end": 14562,
    "maxScore": 25,
    "minScore": 15,
    "score": 20.81875,
    "start": 14402,
    "summary": true,
  },
  Object {
    "end": 14722,
    "maxScore": 27,
    "minScore": 14,
    "score": 20.1,
    "start": 14562,
    "summary": true,
  },
  Object {
    "end": 14882,
    "maxScore": 28,
    "minScore": 16,
    "score": 22.0375,
    "start": 14722,
    "summary": true,
  },
  Object {
    "end": 15042,
    "maxScore": 26,
    "minScore": 16,
    "score": 21.11875,
    "start": 14882,
    "summary": true,
  },
  Object {
    "end": 15202,
    "maxScore": 29,
    "minScore": 12,
    "score": 17.925,
    "start": 15042,
    "summary": true,
  },
  Object {
    "end": 15362,
    "maxScore": 31,
    "minScore": 15,
    "score": 22.25625,
    "start": 15202,
    "summary": true,
  },
  Object {
    "end": 15522,
    "maxScore": 24,
    "minScore": 10,
    "score": 16.9875,
    "start": 15362,
    "summary": true,
  },
  Object {
    "end": 15682,
    "maxScore": 23,
    "minScore": 13,
    "score": 17.50625,
    "start": 15522,
    "summary": true,
  },
  Object {
    "end": 15842,
    "maxScore": 21,
    "minScore": 10,
    "score": 16.73125,
    "start": 15682,
    "summary": true,
  },
  Object {
    "end": 16002,
    "maxScore": 22,
    "minScore": 7,
    "score": 15.15625,
    "start": 15842,
    "summary": true,
  },
  Object {
    "end": 16162,
    "maxScore": 24,
    "minScore": 6,
    "score": 16.3,
    "start": 16002,
    "summary": true,
  },
  Object {
    "end": 16322,
    "maxScore": 24,
    "minScore": 16,
    "score": 19.5125,
    "start": 16162,
    "summary": true,
  },
  Object {
    "end": 16482,
    "maxScore": 24,
    "minScore": 14,
    "score": 19.73125,
    "start": 16322,
    "summary": true,
  },
  Object {
    "end": 16642,
    "maxScore": 27,
    "minScore": 16,
    "score": 21.43125,
    "start": 16482,
    "summary": true,
  },
  Object {
    "end": 16802,
    "maxScore": 28,
    "minScore": 21,
    "score": 24.26875,
    "start": 16642,
    "summary": true,
  },
  Object {
    "end": 16962,
    "maxScore": 23,
    "minScore": 12,
    "score": 16.6875,
    "start": 16802,
    "summary": true,
  },
  Object {
    "end": 17122,
    "maxScore": 23,
    "minScore": 14,
    "score": 18.6875,
    "start": 16962,
    "summary": true,
  },
  Object {
    "end": 17282,
    "maxScore": 21,
    "minScore": 14,
    "score": 17.9,
    "start": 17122,
    "summary": true,
  },
  Object {
    "end": 17442,
    "maxScore": 23,
    "minScore": 12,
    "score": 18.2,
    "start": 17282,
    "summary": true,
  },
  Object {
    "end": 17602,
    "maxScore": 18,
    "minScore": 11,
    "score": 13.61875,
    "start": 17442,
    "summary": true,
  },
  Object {
    "end": 17762,
    "maxScore": 25,
    "minScore": 13,
    "score": 19.65,
    "start": 17602,
    "summary": true,
  },
  Object {
    "end": 17922,
    "maxScore": 24,
    "minScore": 10,
    "score": 16.94375,
    "start": 17762,
    "summary": true,
  },
  Object {
    "end": 18082,
    "maxScore": 22,
    "minScore": 7,
    "score": 16.13125,
    "start": 17922,
    "summary": true,
  },
  Object {
    "end": 18242,
    "maxScore": 29,
    "minScore": 14,
    "score": 21.0125,
    "start": 18082,
    "summary": true,
  },
  Object {
    "end": 18402,
    "maxScore": 27,
    "minScore": 17,
    "score": 22.4375,
    "start": 18242,
    "summary": true,
  },
  Object {
    "end": 18562,
    "maxScore": 21,
    "minScore": 13,
    "score": 17.55,
    "start": 18402,
    "summary": true,
  },
  Object {
    "end": 18722,
    "maxScore": 24,
    "minScore": 16,
    "score": 20.75625,
    "start": 18562,
    "summary": true,
  },
  Object {
    "end": 18882,
    "maxScore": 25,
    "minScore": 19,
    "score": 22.70625,
    "start": 18722,
    "summary": true,
  },
  Object {
    "end": 19042,
    "maxScore": 28,
    "minScore": 13,
    "score": 20.8625,
    "start": 18882,
    "summary": true,
  },
  Object {
    "end": 19202,
    "maxScore": 20,
    "minScore": 12,
    "score": 16.425,
    "start": 19042,
    "summary": true,
  },
  Object {
    "end": 19362,
    "maxScore": 18,
    "minScore": 11,
    "score": 14.88125,
    "start": 19202,
    "summary": true,
  },
  Object {
    "end": 19522,
    "maxScore": 19,
    "minScore": 12,
    "score": 15.54375,
    "start": 19362,
    "summary": true,
  },
  Object {
    "end": 19682,
    "maxScore": 23,
    "minScore": 14,
    "score": 19.2375,
    "start": 19522,
    "summary": true,
  },
  Object {
    "end": 19842,
    "maxScore": 25,
    "minScore": 8,
    "score": 17.21875,
    "start": 19682,
    "summary": true,
  },
  Object {
    "end": 20002,
    "maxScore": 24,
    "minScore": 16,
    "score": 20.2625,
    "start": 19842,
    "summary": true,
  },
  Object {
    "end": 20162,
    "maxScore": 25,
    "minScore": 14,
    "score": 18.20625,
    "start": 20002,
    "summary": true,
  },
  Object {
    "end": 20322,
    "maxScore": 27,
    "minScore": 16,
    "score": 22.325,
    "start": 20162,
    "summary": true,
  },
  Object {
    "end": 20482,
    "maxScore": 25,
    "minScore": 10,
    "score": 18.53125,
    "start": 20322,
    "summary": true,
  },
  Object {
    "end": 20642,
    "maxScore": 21,
    "minScore": 11,
    "score": 15.7625,
    "start": 20482,
    "summary": true,
  },
  Object {
    "end": 20802,
    "maxScore": 24,
    "minScore": 16,
    "score": 18.91875,
    "start": 20642,
    "summary": true,
  },
  Object {
    "end": 20962,
    "maxScore": 22,
    "minScore": 17,
    "score": 19.29375,
    "start": 20802,
    "summary": true,
  },
  Object {
    "end": 21122,
    "maxScore": 23,
    "minScore": 14,
    "score": 18.5,
    "start": 20962,
    "summary": true,
  },
  Object {
    "end": 21282,
    "maxScore": 24,
    "minScore": 13,
    "score": 19.64375,
    "start": 21122,
    "summary": true,
  },
  Object {
    "end": 21442,
    "maxScore": 24,
    "minScore": 13,
    "score": 18.875,
    "start": 21282,
    "summary": true,
  },
  Object {
    "end": 21602,
    "maxScore": 24,
    "minScore": 13,
    "score": 17.6125,
    "start": 21442,
    "summary": true,
  },
  Object {
    "end": 21762,
    "maxScore": 21,
    "minScore": 11,
    "score": 16.0875,
    "start": 21602,
    "summary": true,
  },
  Object {
    "end": 21922,
    "maxScore": 22,
    "minScore": 14,
    "score": 18.46875,
    "start": 21762,
    "summary": true,
  },
  Object {
    "end": 22082,
    "maxScore": 20,
    "minScore": 14,
    "score": 16.66875,
    "start": 21922,
    "summary": true,
  },
  Object {
    "end": 22242,
    "maxScore": 23,
    "minScore": 15,
    "score": 18.86875,
    "start": 22082,
    "summary": true,
  },
  Object {
    "end": 22402,
    "maxScore": 26,
    "minScore": 13,
    "score": 19.1375,
    "start": 22242,
    "summary": true,
  },
  Object {
    "end": 22562,
    "maxScore": 26,
    "minScore": 15,
    "score": 20.875,
    "start": 22402,
    "summary": true,
  },
  Object {
    "end": 22722,
    "maxScore": 38,
    "minScore": 17,
    "score": 25.675,
    "start": 22562,
    "summary": true,
  },
  Object {
    "end": 22882,
    "maxScore": 37,
    "minScore": 24,
    "score": 31.975,
    "start": 22722,
    "summary": true,
  },
  Object {
    "end": 23042,
    "maxScore": 27,
    "minScore": 16,
    "score": 21.41875,
    "start": 22882,
    "summary": true,
  },
  Object {
    "end": 23202,
    "maxScore": 25,
    "minScore": 16,
    "score": 19.00625,
    "start": 23042,
    "summary": true,
  },
  Object {
    "end": 23362,
    "maxScore": 28,
    "minScore": 20,
    "score": 23.9875,
    "start": 23202,
    "summary": true,
  },
  Object {
    "end": 23522,
    "maxScore": 29,
    "minScore": 20,
    "score": 25.15625,
    "start": 23362,
    "summary": true,
  },
  Object {
    "end": 23682,
    "maxScore": 27,
    "minScore": 15,
    "score": 20.09375,
    "start": 23522,
    "summary": true,
  },
  Object {
    "end": 23842,
    "maxScore": 22,
    "minScore": 15,
    "score": 18.35625,
    "start": 23682,
    "summary": true,
  },
  Object {
    "end": 24002,
    "maxScore": 23,
    "minScore": 14,
    "score": 18.29375,
    "start": 23842,
    "summary": true,
  },
  Object {
    "end": 24162,
    "maxScore": 21,
    "minScore": 16,
    "score": 18.50625,
    "start": 24002,
    "summary": true,
  },
  Object {
    "end": 24322,
    "maxScore": 26,
    "minScore": 15,
    "score": 21.4,
    "start": 24162,
    "summary": true,
  },
  Object {
    "end": 24482,
    "maxScore": 32,
    "minScore": 21,
    "score": 26.14375,
    "start": 24322,
    "summary": true,
  },
  Object {
    "end": 24642,
    "maxScore": 30,
    "minScore": 23,
    "score": 26.65625,
    "start": 24482,
    "summary": true,
  },
  Object {
    "end": 24802,
    "maxScore": 25,
    "minScore": 13,
    "score": 18.53125,
    "start": 24642,
    "summary": true,
  },
  Object {
    "end": 24962,
    "maxScore": 28,
    "minScore": 17,
    "score": 22.7625,
    "start": 24802,
    "summary": true,
  },
  Object {
    "end": 25122,
    "maxScore": 25,
    "minScore": 18,
    "score": 21.475,
    "start": 24962,
    "summary": true,
  },
]
`;

exports[`bigwig formats loads small bigwig file 3`] = `
Array [
  Object {
    "end": 642,
    "maxScore": 24,
    "minScore": 1,
    "score": 9.746875,
    "start": 2,
    "summary": true,
  },
  Object {
    "end": 1282,
    "maxScore": 26,
    "minScore": 10,
    "score": 17.25,
    "start": 642,
    "summary": true,
  },
  Object {
    "end": 1922,
    "maxScore": 32,
    "minScore": 8,
    "score": 20.1125,
    "start": 1282,
    "summary": true,
  },
  Object {
    "end": 2562,
    "maxScore": 32,
    "minScore": 13,
    "score": 21.7625,
    "start": 1922,
    "summary": true,
  },
  Object {
    "end": 3202,
    "maxScore": 26,
    "minScore": 2,
    "score": 17.9609375,
    "start": 2562,
    "summary": true,
  },
  Object {
    "end": 3842,
    "maxScore": 26,
    "minScore": 10,
    "score": 18.65,
    "start": 3202,
    "summary": true,
  },
  Object {
    "end": 4482,
    "maxScore": 27,
    "minScore": 13,
    "score": 20.3328125,
    "start": 3842,
    "summary": true,
  },
  Object {
    "end": 5122,
    "maxScore": 31,
    "minScore": 11,
    "score": 19.64375,
    "start": 4482,
    "summary": true,
  },
  Object {
    "end": 5762,
    "maxScore": 27,
    "minScore": 11,
    "score": 17.6203125,
    "start": 5122,
    "summary": true,
  },
  Object {
    "end": 6402,
    "maxScore": 25,
    "minScore": 9,
    "score": 18.090625,
    "start": 5762,
    "summary": true,
  },
  Object {
    "end": 7042,
    "maxScore": 24,
    "minScore": 13,
    "score": 18.65,
    "start": 6402,
    "summary": true,
  },
  Object {
    "end": 7682,
    "maxScore": 28,
    "minScore": 11,
    "score": 19.90625,
    "start": 7042,
    "summary": true,
  },
  Object {
    "end": 8322,
    "maxScore": 24,
    "minScore": 14,
    "score": 18.334375,
    "start": 7682,
    "summary": true,
  },
  Object {
    "end": 8962,
    "maxScore": 26,
    "minScore": 12,
    "score": 19.790625,
    "start": 8322,
    "summary": true,
  },
  Object {
    "end": 9602,
    "maxScore": 29,
    "minScore": 15,
    "score": 19.8578125,
    "start": 8962,
    "summary": true,
  },
  Object {
    "end": 10242,
    "maxScore": 25,
    "minScore": 11,
    "score": 17.4390625,
    "start": 9602,
    "summary": true,
  },
  Object {
    "end": 10882,
    "maxScore": 31,
    "minScore": 11,
    "score": 21.2,
    "start": 10242,
    "summary": true,
  },
  Object {
    "end": 11522,
    "maxScore": 28,
    "minScore": 8,
    "score": 18.6484375,
    "start": 10882,
    "summary": true,
  },
  Object {
    "end": 12162,
    "maxScore": 31,
    "minScore": 13,
    "score": 20.1984375,
    "start": 11522,
    "summary": true,
  },
  Object {
    "end": 12802,
    "maxScore": 30,
    "minScore": 7,
    "score": 20.99375,
    "start": 12162,
    "summary": true,
  },
  Object {
    "end": 13442,
    "maxScore": 31,
    "minScore": 12,
    "score": 22.9546875,
    "start": 12802,
    "summary": true,
  },
  Object {
    "end": 14082,
    "maxScore": 35,
    "minScore": 11,
    "score": 21.7359375,
    "start": 13442,
    "summary": true,
  },
  Object {
    "end": 14722,
    "maxScore": 27,
    "minScore": 12,
    "score": 18.6171875,
    "start": 14082,
    "summary": true,
  },
  Object {
    "end": 15362,
    "maxScore": 31,
    "minScore": 12,
    "score": 20.834375,
    "start": 14722,
    "summary": true,
  },
  Object {
    "end": 16002,
    "maxScore": 24,
    "minScore": 7,
    "score": 16.5953125,
    "start": 15362,
    "summary": true,
  },
  Object {
    "end": 16642,
    "maxScore": 27,
    "minScore": 6,
    "score": 19.24375,
    "start": 16002,
    "summary": true,
  },
  Object {
    "end": 17282,
    "maxScore": 28,
    "minScore": 12,
    "score": 19.3859375,
    "start": 16642,
    "summary": true,
  },
  Object {
    "end": 17922,
    "maxScore": 25,
    "minScore": 10,
    "score": 17.103125,
    "start": 17282,
    "summary": true,
  },
  Object {
    "end": 18562,
    "maxScore": 29,
    "minScore": 7,
    "score": 19.2828125,
    "start": 17922,
    "summary": true,
  },
  Object {
    "end": 19202,
    "maxScore": 28,
    "minScore": 12,
    "score": 20.1875,
    "start": 18562,
    "summary": true,
  },
  Object {
    "end": 19842,
    "maxScore": 25,
    "minScore": 8,
    "score": 16.7203125,
    "start": 19202,
    "summary": true,
  },
  Object {
    "end": 20482,
    "maxScore": 27,
    "minScore": 10,
    "score": 19.83125,
    "start": 19842,
    "summary": true,
  },
  Object {
    "end": 21122,
    "maxScore": 24,
    "minScore": 11,
    "score": 18.11875,
    "start": 20482,
    "summary": true,
  },
  Object {
    "end": 21762,
    "maxScore": 24,
    "minScore": 11,
    "score": 18.0546875,
    "start": 21122,
    "summary": true,
  },
  Object {
    "end": 22402,
    "maxScore": 26,
    "minScore": 13,
    "score": 18.2859375,
    "start": 21762,
    "summary": true,
  },
  Object {
    "end": 23042,
    "maxScore": 38,
    "minScore": 15,
    "score": 24.9859375,
    "start": 22402,
    "summary": true,
  },
  Object {
    "end": 23682,
    "maxScore": 29,
    "minScore": 15,
    "score": 22.0609375,
    "start": 23042,
    "summary": true,
  },
  Object {
    "end": 24322,
    "maxScore": 26,
    "minScore": 14,
    "score": 19.1390625,
    "start": 23682,
    "summary": true,
  },
  Object {
    "end": 24962,
    "maxScore": 32,
    "minScore": 13,
    "score": 23.5234375,
    "start": 24322,
    "summary": true,
  },
  Object {
    "end": 25602,
    "maxScore": 28,
    "minScore": 11,
    "score": 20.015625,
    "start": 24962,
    "summary": true,
  },
]
`;

exports[`bigwig formats loads small bigwig file 4`] = `
Array [
  Object {
    "end": 642,
    "maxScore": 24,
    "minScore": 1,
    "score": 9.746875,
    "start": 2,
    "summary": true,
  },
  Object {
    "end": 1282,
    "maxScore": 26,
    "minScore": 10,
    "score": 17.25,
    "start": 642,
    "summary": true,
  },
  Object {
    "end": 1922,
    "maxScore": 32,
    "minScore": 8,
    "score": 20.1125,
    "start": 1282,
    "summary": true,
  },
  Object {
    "end": 2562,
    "maxScore": 32,
    "minScore": 13,
    "score": 21.7625,
    "start": 1922,
    "summary": true,
  },
  Object {
    "end": 3202,
    "maxScore": 26,
    "minScore": 2,
    "score": 17.9609375,
    "start": 2562,
    "summary": true,
  },
  Object {
    "end": 3842,
    "maxScore": 26,
    "minScore": 10,
    "score": 18.65,
    "start": 3202,
    "summary": true,
  },
  Object {
    "end": 4482,
    "maxScore": 27,
    "minScore": 13,
    "score": 20.3328125,
    "start": 3842,
    "summary": true,
  },
  Object {
    "end": 5122,
    "maxScore": 31,
    "minScore": 11,
    "score": 19.64375,
    "start": 4482,
    "summary": true,
  },
  Object {
    "end": 5762,
    "maxScore": 27,
    "minScore": 11,
    "score": 17.6203125,
    "start": 5122,
    "summary": true,
  },
  Object {
    "end": 6402,
    "maxScore": 25,
    "minScore": 9,
    "score": 18.090625,
    "start": 5762,
    "summary": true,
  },
  Object {
    "end": 7042,
    "maxScore": 24,
    "minScore": 13,
    "score": 18.65,
    "start": 6402,
    "summary": true,
  },
  Object {
    "end": 7682,
    "maxScore": 28,
    "minScore": 11,
    "score": 19.90625,
    "start": 7042,
    "summary": true,
  },
  Object {
    "end": 8322,
    "maxScore": 24,
    "minScore": 14,
    "score": 18.334375,
    "start": 7682,
    "summary": true,
  },
  Object {
    "end": 8962,
    "maxScore": 26,
    "minScore": 12,
    "score": 19.790625,
    "start": 8322,
    "summary": true,
  },
  Object {
    "end": 9602,
    "maxScore": 29,
    "minScore": 15,
    "score": 19.8578125,
    "start": 8962,
    "summary": true,
  },
  Object {
    "end": 10242,
    "maxScore": 25,
    "minScore": 11,
    "score": 17.4390625,
    "start": 9602,
    "summary": true,
  },
  Object {
    "end": 10882,
    "maxScore": 31,
    "minScore": 11,
    "score": 21.2,
    "start": 10242,
    "summary": true,
  },
  Object {
    "end": 11522,
    "maxScore": 28,
    "minScore": 8,
    "score": 18.6484375,
    "start": 10882,
    "summary": true,
  },
  Object {
    "end": 12162,
    "maxScore": 31,
    "minScore": 13,
    "score": 20.1984375,
    "start": 11522,
    "summary": true,
  },
  Object {
    "end": 12802,
    "maxScore": 30,
    "minScore": 7,
    "score": 20.99375,
    "start": 12162,
    "summary": true,
  },
  Object {
    "end": 13442,
    "maxScore": 31,
    "minScore": 12,
    "score": 22.9546875,
    "start": 12802,
    "summary": true,
  },
  Object {
    "end": 14082,
    "maxScore": 35,
    "minScore": 11,
    "score": 21.7359375,
    "start": 13442,
    "summary": true,
  },
  Object {
    "end": 14722,
    "maxScore": 27,
    "minScore": 12,
    "score": 18.6171875,
    "start": 14082,
    "summary": true,
  },
  Object {
    "end": 15362,
    "maxScore": 31,
    "minScore": 12,
    "score": 20.834375,
    "start": 14722,
    "summary": true,
  },
  Object {
    "end": 16002,
    "maxScore": 24,
    "minScore": 7,
    "score": 16.5953125,
    "start": 15362,
    "summary": true,
  },
  Object {
    "end": 16642,
    "maxScore": 27,
    "minScore": 6,
    "score": 19.24375,
    "start": 16002,
    "summary": true,
  },
  Object {
    "end": 17282,
    "maxScore": 28,
    "minScore": 12,
    "score": 19.3859375,
    "start": 16642,
    "summary": true,
  },
  Object {
    "end": 17922,
    "maxScore": 25,
    "minScore": 10,
    "score": 17.103125,
    "start": 17282,
    "summary": true,
  },
  Object {
    "end": 18562,
    "maxScore": 29,
    "minScore": 7,
    "score": 19.2828125,
    "start": 17922,
    "summary": true,
  },
  Object {
    "end": 19202,
    "maxScore": 28,
    "minScore": 12,
    "score": 20.1875,
    "start": 18562,
    "summary": true,
  },
  Object {
    "end": 19842,
    "maxScore": 25,
    "minScore": 8,
    "score": 16.7203125,
    "start": 19202,
    "summary": true,
  },
  Object {
    "end": 20482,
    "maxScore": 27,
    "minScore": 10,
    "score": 19.83125,
    "start": 19842,
    "summary": true,
  },
  Object {
    "end": 21122,
    "maxScore": 24,
    "minScore": 11,
    "score": 18.11875,
    "start": 20482,
    "summary": true,
  },
  Object {
    "end": 21762,
    "maxScore": 24,
    "minScore": 11,
    "score": 18.0546875,
    "start": 21122,
    "summary": true,
  },
  Object {
    "end": 22402,
    "maxScore": 26,
    "minScore": 13,
    "score": 18.2859375,
    "start": 21762,
    "summary": true,
  },
  Object {
    "end": 23042,
    "maxScore": 38,
    "minScore": 15,
    "score": 24.9859375,
    "start": 22402,
    "summary": true,
  },
  Object {
    "end": 23682,
    "maxScore": 29,
    "minScore": 15,
    "score": 22.0609375,
    "start": 23042,
    "summary": true,
  },
  Object {
    "end": 24322,
    "maxScore": 26,
    "minScore": 14,
    "score": 19.1390625,
    "start": 23682,
    "summary": true,
  },
  Object {
    "end": 24962,
    "maxScore": 32,
    "minScore": 13,
    "score": 23.5234375,
    "start": 24322,
    "summary": true,
  },
  Object {
    "end": 25602,
    "maxScore": 28,
    "minScore": 11,
    "score": 20.015625,
    "start": 24962,
    "summary": true,
  },
]
`;
